[2023-09-06 09:20:53.012 PM] info: 	incoming-request
[2023-09-06 09:20:53.577 PM] info: 	incoming-request
[2023-09-06 09:20:53.798 PM] info: 	incoming-request
[2023-09-07 12:33:07.153 PM] info: 	incoming-request
[2023-09-07 12:33:07.736 PM] info: 	incoming-request
[2023-09-07 12:33:08.321 PM] info: 	incoming-request
[2023-09-07 12:33:08.651 PM] info: 	incoming-request
[2023-09-11 10:45:45.251 PM] info: 	incoming-request
[2023-09-11 10:45:47.172 PM] info: 	incoming-request
[2023-09-11 10:46:37.695 PM] info: 	incoming-request
[2023-09-11 10:47:21.974 PM] info: 	incoming-request
[2023-09-11 10:52:34.864 PM] info: 	incoming-request
[2023-09-11 10:58:02.109 PM] info: 	incoming-request
[2025-04-05 08:27:41.983 PM] info: 	incoming-request
[2025-04-05 08:27:43.932 PM] info: 	incoming-request
[2025-04-05 08:28:30.226 PM] info: 	incoming-request
[2025-04-05 08:33:11.913 PM] info: 	incoming-request
[2025-04-05 08:33:34.234 PM] info: 	incoming-request
[2025-04-05 10:09:39.408 PM] info: 	incoming-request
[2025-04-05 10:11:27.491 PM] info: 	incoming-request
[2025-04-05 10:42:28.316 PM] info: 	incoming-request
[2025-04-05 10:45:26.485 PM] info: 	incoming-request
[2025-04-05 10:47:07.189 PM] info: 	incoming-request
[2025-04-05 10:51:50.620 PM] info: 	incoming-request
[2025-04-05 10:52:56.977 PM] info: 	incoming-request
[2025-04-05 10:53:02.424 PM] info: 	incoming-request
[2025-04-05 10:54:07.743 PM] info: 	incoming-request
[2025-04-05 10:54:14.945 PM] info: 	incoming-request
[2025-04-05 10:56:44.013 PM] info: 	incoming-request
[2025-04-05 10:57:37.877 PM] info: 	incoming-request
[2025-04-05 10:58:25.610 PM] info: 	incoming-request
[2025-04-05 10:58:51.295 PM] error: 	unauthorized access, only for admin
[2025-04-05 10:58:51.306 PM] info: 	incoming-request
[2025-04-05 10:59:12.283 PM] info: 	incoming-request
[2025-04-05 10:59:23.254 PM] error: 	unauthorized access, only for admin
[2025-04-05 10:59:23.255 PM] info: 	incoming-request
[2025-04-05 11:01:43.793 PM] error: 	unauthorized access, only for admin
[2025-04-05 11:01:43.807 PM] info: 	incoming-request
[2025-04-05 11:09:52.370 PM] error: 	unauthorized access, only for admin
[2025-04-05 11:09:52.375 PM] info: 	incoming-request
[2025-04-05 11:10:36.388 PM] error: 	unauthorized access, only for admin
[2025-04-05 11:10:36.389 PM] info: 	incoming-request
[2025-04-05 11:12:52.414 PM] error: 	unauthorized access, only for admin
[2025-04-05 11:12:52.428 PM] info: 	incoming-request
[2025-04-05 11:13:42.537 PM] error: 	unauthorized access, only for admin
[2025-04-05 11:13:42.619 PM] info: 	incoming-request
[2025-04-05 11:16:11.821 PM] error: 	unauthorized access, only for admin
[2025-04-05 11:16:11.822 PM] info: 	incoming-request
[2025-04-05 11:16:54.183 PM] info: 	incoming-request
[2025-04-05 11:17:00.917 PM] error: 	unauthorized access, only for admin
[2025-04-05 11:17:00.918 PM] info: 	incoming-request
[2025-04-05 11:17:08.801 PM] info: 	incoming-request
[2025-04-05 11:17:22.204 PM] info: 	incoming-request
[2025-04-06 02:44:09.646 PM] error: 	Unknown authentication strategy "jwt"
[2025-04-06 02:44:09.663 PM] info: 	incoming-request
[2025-04-06 03:04:26.357 PM] info: 	incoming-request
[2025-04-06 03:04:36.129 PM] error: 	Unauthenticated
[2025-04-06 03:04:36.131 PM] info: 	incoming-request
[2025-04-06 03:05:16.595 PM] error: 	unauthorized access, only for admin
[2025-04-06 03:05:16.596 PM] info: 	incoming-request
[2025-04-06 03:05:20.181 PM] error: 	unauthorized access, only for admin
[2025-04-06 03:05:20.189 PM] info: 	incoming-request
[2025-04-06 03:05:34.643 PM] error: 	unauthorized access, only for admin
[2025-04-06 03:05:34.645 PM] info: 	incoming-request
[2025-04-06 03:05:37.624 PM] error: 	unauthorized access, only for admin
[2025-04-06 03:05:37.626 PM] info: 	incoming-request
[2025-04-06 03:06:01.922 PM] info: 	incoming-request
[2025-04-06 03:06:08.613 PM] error: 	unauthorized access, only for admin
[2025-04-06 03:06:08.614 PM] info: 	incoming-request
[2025-04-06 03:07:05.560 PM] info: 	incoming-request
[2025-04-06 03:07:18.354 PM] error: 	unauthorized access, only for admin
[2025-04-06 03:07:18.404 PM] info: 	incoming-request
[2025-04-06 03:07:20.491 PM] error: 	unauthorized access, only for admin
[2025-04-06 03:07:20.492 PM] info: 	incoming-request
[2025-04-06 03:09:59.741 PM] info: 	incoming-request
[2025-04-06 03:10:13.491 PM] error: 	unauthorized access, only for admin
[2025-04-06 03:10:13.499 PM] info: 	incoming-request
[2025-04-06 03:14:35.991 PM] error: 	unauthorized access, only for admin
[2025-04-06 03:14:36.027 PM] info: 	incoming-request
[2025-04-06 03:14:42.345 PM] info: 	incoming-request
[2025-04-06 03:14:46.844 PM] info: 	incoming-request
[2025-04-06 03:14:51.863 PM] error: 	unauthorized access, only for admin
[2025-04-06 03:14:51.870 PM] info: 	incoming-request
[2025-04-06 03:18:47.323 PM] info: 	incoming-request
[2025-04-06 03:18:52.758 PM] error: 	unauthorized access, only for admin
[2025-04-06 03:18:52.759 PM] info: 	incoming-request
[2025-04-06 03:21:02.099 PM] error: 	unauthorized access, only for admin
[2025-04-06 03:21:02.109 PM] info: 	incoming-request
[2025-04-06 03:27:18.226 PM] info: 	incoming-request
[2025-04-06 03:27:32.807 PM] info: 	incoming-request
[2025-04-06 03:31:45.059 PM] info: 	incoming-request
[2025-04-06 03:32:00.225 PM] error: 	unauthorized access, only for admin
[2025-04-06 03:32:00.229 PM] info: 	incoming-request
[2025-04-06 03:33:10.926 PM] error: 	unauthorized access, only for admin
[2025-04-06 03:33:11.002 PM] info: 	incoming-request
[2025-04-06 03:33:22.495 PM] info: 	incoming-request
[2025-04-06 03:33:30.576 PM] info: 	incoming-request
[2025-04-06 03:33:41.940 PM] info: 	incoming-request
[2025-04-06 03:34:13.544 PM] info: 	incoming-request
[2025-04-06 03:34:41.369 PM] info: 	incoming-request
[2025-04-06 03:34:48.466 PM] info: 	incoming-request
[2025-04-06 03:36:07.926 PM] info: 	incoming-request
[2025-04-06 03:36:15.185 PM] info: 	incoming-request
[2025-04-06 03:36:37.041 PM] info: 	incoming-request
[2025-04-06 03:36:51.602 PM] info: 	incoming-request
[2025-04-06 04:03:25.562 PM] info: 	incoming-request
[2025-04-06 04:04:13.069 PM] error: 	unauthorized access, only for Lecturer
[2025-04-06 04:04:13.102 PM] info: 	incoming-request
[2025-04-06 04:05:35.314 PM] info: 	incoming-request
[2025-04-06 04:05:40.641 PM] error: 	unauthorized access, only for Lecturer
[2025-04-06 04:05:40.644 PM] info: 	incoming-request
[2025-04-06 04:08:18.975 PM] error: 	unauthorized access, only for Lecturer
[2025-04-06 04:08:19.034 PM] info: 	incoming-request
[2025-04-06 04:08:21.714 PM] error: 	unauthorized access, only for Lecturer
[2025-04-06 04:08:21.727 PM] info: 	incoming-request
[2025-04-06 04:08:33.508 PM] info: 	incoming-request
[2025-04-06 04:08:43.624 PM] info: 	incoming-request
[2025-04-06 04:10:37.174 PM] info: 	incoming-request
[2025-05-03 09:46:30.326 PM] info: 	incoming-request
[2025-05-03 09:49:38.428 PM] error: 	Cast to [ObjectId] failed for value "[ '' ]" (type string) at path "lecturers.0" because of "CastError"
[2025-05-03 09:49:38.429 PM] info: 	incoming-request
[2025-05-03 09:53:14.856 PM] error: 	Cast to [ObjectId] failed for value "[ '' ]" (type string) at path "lecturers.0" because of "CastError"
[2025-05-03 09:53:14.881 PM] info: 	incoming-request
[2025-05-03 09:56:54.889 PM] info: 	incoming-request
[2025-05-03 09:57:09.610 PM] error: 	unauthorized access, only for Lecturer and Admin
[2025-05-03 09:57:09.612 PM] info: 	incoming-request
[2025-05-03 09:57:28.559 PM] info: 	incoming-request
[2025-05-03 09:58:00.100 PM] info: 	incoming-request
[2025-05-03 09:58:12.275 PM] info: 	incoming-request
[2025-05-03 09:59:15.359 PM] info: 	incoming-request
[2025-05-03 10:00:01.879 PM] info: 	incoming-request
[2025-05-03 10:00:20.438 PM] info: 	incoming-request
[2025-05-03 10:00:29.610 PM] info: 	incoming-request
[2025-05-03 10:01:09.571 PM] info: 	incoming-request
[2025-05-03 10:01:16.715 PM] info: 	incoming-request
[2025-05-03 10:02:19.808 PM] info: 	incoming-request
[2025-05-03 10:02:26.930 PM] info: 	incoming-request
[2025-05-03 10:02:44.135 PM] info: 	incoming-request
[2025-05-03 10:03:56.909 PM] error: 	Duplicate field value entered
[2025-05-03 10:03:56.911 PM] info: 	incoming-request
[2025-05-03 10:04:05.760 PM] info: 	incoming-request
[2025-05-03 10:04:25.597 PM] error: 	unauthorized access, only for admin
[2025-05-03 10:04:25.599 PM] info: 	incoming-request
[2025-05-03 10:06:29.577 PM] info: 	incoming-request
[2025-05-03 10:06:42.725 PM] info: 	incoming-request
[2025-05-03 10:06:54.330 PM] info: 	incoming-request
[2025-05-03 10:07:08.137 PM] info: 	incoming-request
[2025-05-03 10:07:43.546 PM] info: 	incoming-request
[2025-05-03 10:08:28.144 PM] info: 	incoming-request
[2025-05-03 10:09:45.155 PM] info: 	incoming-request
[2025-05-03 10:10:15.479 PM] info: 	incoming-request
[2025-05-03 10:13:14.407 PM] info: 	incoming-request
[2025-05-03 10:13:52.135 PM] info: 	incoming-request
[2025-05-03 10:15:43.367 PM] info: 	incoming-request
[2025-05-03 10:23:30.806 PM] info: 	incoming-request
[2025-05-03 10:33:40.919 PM] info: 	incoming-request
[2025-05-04 11:18:56.094 AM] error: 	unauthorized access, only for admin
[2025-05-04 11:18:56.124 AM] info: 	incoming-request
[2025-05-04 11:19:22.837 AM] info: 	incoming-request
[2025-05-04 11:22:59.820 AM] info: 	incoming-request
[2025-05-04 11:25:16.629 AM] info: 	incoming-request
[2025-05-04 11:25:59.197 AM] info: 	incoming-request
[2025-05-04 11:28:04.315 AM] info: 	incoming-request
[2025-05-04 11:28:28.391 AM] info: 	incoming-request
[2025-05-04 12:02:27.556 PM] error: 	unauthorized access, only for admin
[2025-05-04 12:02:27.586 PM] info: 	incoming-request
[2025-05-04 12:02:43.427 PM] info: 	incoming-request
[2025-05-04 12:03:06.128 PM] info: 	incoming-request
[2025-05-04 12:03:26.275 PM] info: 	incoming-request
[2025-05-04 12:06:07.236 PM] info: 	incoming-request
[2025-05-04 12:06:23.408 PM] info: 	incoming-request
[2025-05-04 12:06:57.696 PM] info: 	incoming-request
[2025-05-04 12:07:42.076 PM] info: 	incoming-request
[2025-05-04 12:09:04.174 PM] info: 	incoming-request
[2025-05-04 12:09:13.969 PM] info: 	incoming-request
[2025-05-04 12:09:53.032 PM] info: 	incoming-request
[2025-05-04 12:10:16.043 PM] info: 	incoming-request
[2025-05-24 11:14:25.163 PM] info: 	incoming-request
[2025-05-24 11:15:27.499 PM] info: 	incoming-request
[2025-05-24 11:24:16.937 PM] info: 	incoming-request
[2025-05-24 11:26:36.620 PM] info: 	incoming-request
[2025-05-24 11:26:38.430 PM] info: 	incoming-request
[2025-05-24 11:26:55.153 PM] info: 	incoming-request
[2025-05-24 11:27:04.087 PM] info: 	incoming-request
[2025-05-24 11:30:37.558 PM] info: 	incoming-request
[2025-05-24 11:31:42.417 PM] info: 	incoming-request
[2025-05-24 11:33:02.483 PM] info: 	incoming-request
[2025-05-24 11:34:51.312 PM] info: 	incoming-request
[2025-05-24 11:36:06.410 PM] info: 	incoming-request
[2025-05-24 11:36:14.437 PM] info: 	incoming-request
[2025-05-24 11:36:26.915 PM] info: 	incoming-request
[2025-05-24 11:36:36.746 PM] info: 	incoming-request
[2025-05-24 11:36:43.463 PM] info: 	incoming-request
[2025-05-24 11:37:14.800 PM] info: 	incoming-request
[2025-05-24 11:38:20.577 PM] info: 	incoming-request
[2025-05-24 11:38:32.252 PM] info: 	incoming-request
[2025-05-24 11:39:18.952 PM] info: 	incoming-request
[2025-05-24 11:40:06.857 PM] info: 	incoming-request
[2025-05-24 11:40:12.796 PM] info: 	incoming-request
[2025-05-24 11:40:55.801 PM] info: 	incoming-request
[2025-06-15 01:39:28.121 PM] info: 	incoming-request
[2025-06-15 01:39:39.968 PM] info: 	incoming-request
[2025-06-15 01:40:01.748 PM] info: 	incoming-request
[2025-06-15 01:41:11.455 PM] info: 	incoming-request
[2025-06-15 01:43:15.254 PM] info: 	incoming-request
[2025-06-15 01:43:17.119 PM] info: 	incoming-request
[2025-06-15 01:48:20.983 PM] info: 	incoming-request
[2025-06-15 01:48:51.574 PM] info: 	incoming-request
[2025-06-15 01:49:00.184 PM] info: 	incoming-request
[2025-06-15 01:52:21.370 PM] error: 	Path `examType` is required.,Path `semester` is required.,Path `session` is required.
[2025-06-15 01:52:21.388 PM] info: 	incoming-request
[2025-06-15 01:54:59.907 PM] error: 	Path `session` is required.
[2025-06-15 01:54:59.908 PM] info: 	incoming-request
[2025-06-15 01:55:42.919 PM] info: 	incoming-request
[2025-06-15 01:56:34.941 PM] info: 	incoming-request
[2025-06-15 01:57:19.172 PM] info: 	incoming-request
[2025-06-15 01:57:21.835 PM] info: 	incoming-request
[2025-06-15 01:59:24.615 PM] info: 	incoming-request
[2025-06-15 02:00:09.858 PM] info: 	incoming-request
[2025-06-15 02:00:40.197 PM] info: 	incoming-request
[2025-06-15 02:00:51.158 PM] info: 	incoming-request
[2025-06-15 02:02:54.923 PM] error: 	Not authorized to add questions to this exam
[2025-06-15 02:02:54.924 PM] info: 	incoming-request
[2025-06-15 02:04:11.136 PM] info: 	incoming-request
[2025-06-15 02:04:34.502 PM] error: 	Not authorized to add questions to this exam
[2025-06-15 02:04:34.503 PM] info: 	incoming-request
[2025-06-15 02:06:39.748 PM] info: 	incoming-request
[2025-06-15 02:13:35.625 PM] error: 	Path `exam` is required.
[2025-06-15 02:13:35.638 PM] info: 	incoming-request
[2025-06-15 02:14:28.999 PM] info: 	incoming-request
[2025-06-25 04:22:41.008 PM] info: 	incoming-request
[2025-06-25 04:22:45.553 PM] info: 	incoming-request
[2025-06-25 04:22:53.804 PM] info: 	incoming-request
[2025-06-25 04:23:01.178 PM] error: 	Not authorized to view this exam
[2025-06-25 04:23:01.181 PM] info: 	incoming-request
[2025-06-25 04:23:03.980 PM] error: 	Not authorized to view this exam
[2025-06-25 04:23:03.982 PM] info: 	incoming-request
[2025-06-25 04:23:12.244 PM] error: 	Not authorized to view this exam
[2025-06-25 04:23:12.245 PM] info: 	incoming-request
[2025-06-25 04:23:19.068 PM] info: 	incoming-request
[2025-06-25 04:23:19.072 PM] info: 	incoming-request
[2025-06-25 04:23:19.477 PM] info: 	incoming-request
[2025-06-25 04:23:22.549 PM] error: 	Not authorized to view this exam
[2025-06-25 04:23:22.550 PM] info: 	incoming-request
[2025-06-25 04:23:29.103 PM] info: 	incoming-request
[2025-06-25 04:23:29.105 PM] info: 	incoming-request
[2025-06-25 04:23:29.511 PM] info: 	incoming-request
[2025-06-25 04:23:55.521 PM] info: 	incoming-request
[2025-06-25 04:24:06.805 PM] info: 	incoming-request
[2025-06-25 04:24:07.196 PM] info: 	incoming-request
[2025-06-25 04:24:10.039 PM] info: 	incoming-request
[2025-06-25 04:24:10.360 PM] info: 	incoming-request
[2025-06-25 04:24:13.737 PM] info: 	incoming-request
[2025-06-25 04:24:13.741 PM] info: 	incoming-request
[2025-06-25 04:24:14.032 PM] info: 	incoming-request
[2025-06-25 04:24:16.158 PM] error: 	Not authorized to view this exam
[2025-06-25 04:24:16.159 PM] info: 	incoming-request
[2025-06-25 04:24:26.365 PM] error: 	Not authorized to view this exam
[2025-06-25 04:24:26.366 PM] info: 	incoming-request
[2025-06-25 04:30:32.833 PM] info: 	incoming-request
[2025-06-25 04:30:46.688 PM] info: 	incoming-request
[2025-06-25 04:30:46.781 PM] info: 	incoming-request
[2025-06-25 04:30:47.380 PM] info: 	incoming-request
[2025-06-25 04:30:50.588 PM] info: 	incoming-request
[2025-06-25 04:30:51.285 PM] info: 	incoming-request
[2025-06-25 04:32:04.433 PM] info: 	incoming-request
[2025-06-25 04:32:14.028 PM] info: 	incoming-request
[2025-06-25 04:32:14.512 PM] info: 	incoming-request
[2025-06-25 04:32:19.229 PM] info: 	incoming-request
[2025-06-25 04:32:19.324 PM] info: 	incoming-request
[2025-06-25 04:32:19.919 PM] info: 	incoming-request
[2025-06-25 04:32:31.003 PM] info: 	incoming-request
[2025-06-25 04:32:31.005 PM] info: 	incoming-request
[2025-06-25 04:32:31.450 PM] info: 	incoming-request
[2025-06-25 04:32:37.361 PM] info: 	incoming-request
[2025-06-25 04:32:51.219 PM] info: 	incoming-request
[2025-06-25 04:32:51.222 PM] info: 	incoming-request
[2025-06-25 04:32:51.781 PM] info: 	incoming-request
[2025-06-25 04:32:57.902 PM] info: 	incoming-request
[2025-06-25 04:33:09.737 PM] info: 	incoming-request
[2025-06-25 04:33:09.740 PM] info: 	incoming-request
[2025-06-25 04:33:10.334 PM] info: 	incoming-request
[2025-06-25 04:33:12.783 PM] info: 	incoming-request
[2025-06-25 04:33:25.561 PM] info: 	incoming-request
[2025-06-25 04:33:25.570 PM] info: 	incoming-request
[2025-06-25 04:33:26.040 PM] info: 	incoming-request
[2025-06-25 04:33:27.511 PM] info: 	incoming-request
[2025-06-25 04:33:33.264 PM] info: 	incoming-request
[2025-06-25 04:33:34.109 PM] info: 	incoming-request
[2025-06-25 04:33:59.072 PM] info: 	incoming-request
[2025-06-25 04:34:10.434 PM] info: 	incoming-request
[2025-06-25 04:34:13.493 PM] info: 	incoming-request
[2025-06-25 04:34:13.519 PM] info: 	incoming-request
[2025-06-25 04:34:17.116 PM] info: 	incoming-request
[2025-06-25 04:34:17.124 PM] info: 	incoming-request
[2025-06-25 04:34:17.179 PM] info: 	incoming-request
[2025-06-25 04:34:24.979 PM] info: 	incoming-request
[2025-06-25 04:34:24.983 PM] info: 	incoming-request
[2025-06-25 04:34:24.988 PM] info: 	incoming-request
[2025-06-25 04:35:23.490 PM] info: 	incoming-request
[2025-06-25 04:35:23.672 PM] info: 	incoming-request
[2025-06-25 04:35:24.622 PM] info: 	incoming-request
[2025-06-25 04:36:11.817 PM] info: 	incoming-request
[2025-06-25 04:36:24.657 PM] info: 	incoming-request
[2025-06-25 04:36:24.663 PM] info: 	incoming-request
[2025-06-25 04:36:25.275 PM] info: 	incoming-request
[2025-06-25 04:36:27.826 PM] info: 	incoming-request
[2025-06-25 04:36:40.249 PM] info: 	incoming-request
[2025-06-25 04:36:40.256 PM] info: 	incoming-request
[2025-06-25 04:36:41.784 PM] info: 	incoming-request
[2025-06-25 04:36:41.789 PM] info: 	incoming-request
[2025-06-25 04:36:50.588 PM] info: 	incoming-request
[2025-06-25 04:39:28.690 PM] info: 	incoming-request
[2025-06-25 04:39:28.693 PM] info: 	incoming-request
[2025-06-25 04:39:28.696 PM] info: 	incoming-request
[2025-06-25 04:39:30.781 PM] info: 	incoming-request
[2025-06-25 04:39:41.226 PM] info: 	incoming-request
[2025-06-25 04:40:02.575 PM] info: 	incoming-request
[2025-06-25 04:40:02.576 PM] info: 	incoming-request
[2025-06-25 04:40:02.997 PM] info: 	incoming-request
[2025-06-25 04:40:05.659 PM] info: 	incoming-request
[2025-06-25 04:40:33.308 PM] info: 	incoming-request
[2025-06-25 04:40:33.312 PM] info: 	incoming-request
[2025-06-25 04:40:39.248 PM] info: 	incoming-request
[2025-06-25 04:40:39.251 PM] info: 	incoming-request
[2025-06-25 04:40:39.258 PM] info: 	incoming-request
[2025-06-25 04:40:42.599 PM] info: 	incoming-request
[2025-06-25 04:40:42.607 PM] info: 	incoming-request
[2025-06-25 04:40:42.611 PM] info: 	incoming-request
[2025-06-25 04:41:27.974 PM] info: 	incoming-request
[2025-06-25 04:41:27.979 PM] info: 	incoming-request
[2025-06-25 04:41:27.982 PM] info: 	incoming-request
[2025-06-25 04:41:38.892 PM] info: 	incoming-request
[2025-06-25 04:41:45.396 PM] info: 	incoming-request
[2025-06-25 04:41:45.398 PM] info: 	incoming-request
[2025-06-25 04:41:58.916 PM] info: 	incoming-request
[2025-06-25 04:42:20.948 PM] info: 	incoming-request
[2025-06-25 04:42:20.952 PM] info: 	incoming-request
[2025-06-25 04:42:32.346 PM] info: 	incoming-request
[2025-06-25 04:42:32.349 PM] info: 	incoming-request
[2025-06-25 04:42:32.352 PM] info: 	incoming-request
[2025-06-25 04:42:33.706 PM] info: 	incoming-request
[2025-06-25 04:42:33.709 PM] info: 	incoming-request
[2025-06-25 04:42:33.715 PM] info: 	incoming-request
[2025-06-25 04:44:12.025 PM] info: 	incoming-request
[2025-06-25 04:44:12.028 PM] info: 	incoming-request
[2025-06-25 04:44:12.037 PM] info: 	incoming-request
[2025-06-25 04:44:12.669 PM] info: 	incoming-request
[2025-06-25 04:44:24.526 PM] info: 	incoming-request
[2025-06-25 04:44:24.530 PM] info: 	incoming-request
[2025-06-25 04:47:14.057 PM] info: 	incoming-request
[2025-06-25 04:47:14.368 PM] info: 	incoming-request
[2025-06-25 04:47:14.372 PM] info: 	incoming-request
[2025-06-25 04:47:14.373 PM] info: 	incoming-request
[2025-06-25 04:47:15.441 PM] info: 	incoming-request
[2025-06-25 04:47:15.653 PM] info: 	incoming-request
[2025-06-25 04:47:15.657 PM] info: 	incoming-request
[2025-06-25 04:47:16.075 PM] info: 	incoming-request
[2025-06-25 04:47:20.094 PM] info: 	incoming-request
[2025-06-25 04:47:57.000 PM] info: 	incoming-request
[2025-06-25 04:48:11.851 PM] info: 	incoming-request
[2025-06-25 04:48:26.299 PM] info: 	incoming-request
[2025-06-25 04:48:34.485 PM] info: 	incoming-request
[2025-06-25 04:48:34.489 PM] info: 	incoming-request
[2025-06-25 04:48:58.718 PM] info: 	incoming-request
[2025-06-25 04:48:59.061 PM] info: 	incoming-request
[2025-06-25 04:48:59.065 PM] info: 	incoming-request
[2025-06-25 04:48:59.073 PM] info: 	incoming-request
[2025-06-25 04:48:59.076 PM] info: 	incoming-request
[2025-06-25 04:48:59.733 PM] info: 	incoming-request
[2025-06-25 04:49:01.744 PM] info: 	incoming-request
[2025-06-25 04:49:05.761 PM] info: 	incoming-request
[2025-06-25 04:49:06.903 PM] info: 	incoming-request
[2025-06-25 04:49:07.254 PM] info: 	incoming-request
[2025-06-25 04:49:07.259 PM] info: 	incoming-request
[2025-06-25 04:49:07.923 PM] info: 	incoming-request
[2025-06-25 04:49:09.941 PM] info: 	incoming-request
[2025-06-25 04:49:13.974 PM] info: 	incoming-request
[2025-06-25 04:49:24.764 PM] info: 	incoming-request
[2025-06-25 04:49:38.692 PM] info: 	incoming-request
[2025-06-25 04:49:38.698 PM] info: 	incoming-request
[2025-06-25 04:49:44.271 PM] info: 	incoming-request
[2025-06-25 04:49:44.699 PM] info: 	incoming-request
[2025-06-25 04:49:44.703 PM] info: 	incoming-request
[2025-06-25 04:49:44.705 PM] info: 	incoming-request
[2025-06-25 04:49:44.708 PM] info: 	incoming-request
[2025-06-25 04:49:45.286 PM] info: 	incoming-request
[2025-06-25 04:50:48.779 PM] info: 	incoming-request
[2025-06-25 04:50:48.922 PM] info: 	incoming-request
[2025-06-25 04:50:48.997 PM] info: 	incoming-request
[2025-06-25 04:50:49.463 PM] info: 	incoming-request
[2025-06-25 04:50:49.604 PM] info: 	incoming-request
[2025-06-25 04:51:20.379 PM] info: 	incoming-request
[2025-06-25 04:51:20.389 PM] info: 	incoming-request
[2025-06-25 04:51:20.578 PM] info: 	incoming-request
[2025-06-25 04:51:21.399 PM] info: 	incoming-request
[2025-06-25 04:51:21.404 PM] info: 	incoming-request
[2025-06-25 04:51:33.377 PM] info: 	incoming-request
[2025-06-25 04:51:34.196 PM] info: 	incoming-request
[2025-06-25 04:52:25.089 PM] info: 	incoming-request
[2025-06-25 04:52:25.094 PM] info: 	incoming-request
[2025-06-25 04:52:29.494 PM] info: 	incoming-request
[2025-06-25 04:52:29.497 PM] info: 	incoming-request
[2025-06-25 04:55:15.833 PM] info: 	incoming-request
[2025-06-25 04:55:15.834 PM] info: 	incoming-request
[2025-06-25 04:55:15.847 PM] info: 	incoming-request
[2025-06-25 04:55:15.894 PM] info: 	incoming-request
[2025-06-25 04:55:16.198 PM] info: 	incoming-request
[2025-06-25 04:56:26.145 PM] info: 	incoming-request
[2025-06-25 04:56:26.148 PM] info: 	incoming-request
[2025-06-25 04:56:26.150 PM] info: 	incoming-request
[2025-06-25 04:56:26.153 PM] info: 	incoming-request
[2025-06-25 04:56:26.546 PM] info: 	incoming-request
[2025-06-25 04:56:26.762 PM] info: 	incoming-request
[2025-06-25 04:56:26.768 PM] info: 	incoming-request
[2025-06-25 04:56:26.774 PM] info: 	incoming-request
[2025-06-25 04:56:26.779 PM] info: 	incoming-request
[2025-06-25 04:57:18.139 PM] info: 	incoming-request
[2025-06-25 04:57:18.142 PM] info: 	incoming-request
[2025-06-25 04:57:18.160 PM] info: 	incoming-request
[2025-06-25 04:57:18.168 PM] info: 	incoming-request
[2025-06-25 04:57:18.450 PM] info: 	incoming-request
[2025-06-25 04:57:42.036 PM] info: 	incoming-request
[2025-06-25 04:57:42.424 PM] info: 	incoming-request
[2025-06-25 04:58:01.270 PM] info: 	incoming-request
[2025-06-25 04:58:01.274 PM] info: 	incoming-request
[2025-06-25 04:59:03.870 PM] info: 	incoming-request
[2025-06-25 04:59:03.872 PM] info: 	incoming-request
[2025-06-25 04:59:03.875 PM] info: 	incoming-request
[2025-06-25 04:59:03.879 PM] info: 	incoming-request
[2025-06-25 04:59:04.244 PM] info: 	incoming-request
[2025-06-25 04:59:04.800 PM] info: 	incoming-request
[2025-06-25 04:59:04.855 PM] info: 	incoming-request
[2025-06-25 04:59:08.443 PM] info: 	incoming-request
[2025-06-25 04:59:08.455 PM] info: 	incoming-request
[2025-06-25 04:59:08.863 PM] info: 	incoming-request
[2025-06-25 04:59:14.894 PM] info: 	incoming-request
[2025-06-25 04:59:14.900 PM] info: 	incoming-request
[2025-06-25 04:59:14.946 PM] info: 	incoming-request
[2025-06-25 04:59:14.952 PM] info: 	incoming-request
[2025-06-25 04:59:15.301 PM] info: 	incoming-request
[2025-06-25 04:59:16.531 PM] info: 	incoming-request
[2025-06-25 04:59:16.538 PM] info: 	incoming-request
[2025-06-25 04:59:16.939 PM] info: 	incoming-request
[2025-06-25 04:59:21.132 PM] info: 	incoming-request
[2025-06-25 04:59:21.133 PM] info: 	incoming-request
[2025-06-25 04:59:45.581 PM] info: 	incoming-request
[2025-06-25 04:59:55.139 PM] info: 	incoming-request
[2025-06-25 04:59:55.547 PM] info: 	incoming-request
[2025-06-25 04:59:59.383 PM] info: 	incoming-request
[2025-06-25 04:59:59.744 PM] info: 	incoming-request
[2025-06-25 05:00:07.525 PM] info: 	incoming-request
[2025-06-25 05:00:07.526 PM] info: 	incoming-request
[2025-06-25 05:00:07.937 PM] info: 	incoming-request
[2025-06-25 05:00:11.007 PM] info: 	incoming-request
[2025-06-25 05:00:11.011 PM] info: 	incoming-request
[2025-06-25 05:00:11.417 PM] info: 	incoming-request
[2025-06-25 05:00:39.065 PM] info: 	incoming-request
[2025-06-25 05:00:39.836 PM] info: 	incoming-request
[2025-06-25 05:00:42.886 PM] info: 	incoming-request
[2025-06-25 05:00:43.465 PM] info: 	incoming-request
[2025-06-25 05:01:03.269 PM] info: 	incoming-request
[2025-06-25 05:01:04.156 PM] info: 	incoming-request
[2025-06-25 05:01:23.926 PM] info: 	incoming-request
[2025-06-25 05:01:23.932 PM] info: 	incoming-request
[2025-06-25 05:01:24.326 PM] info: 	incoming-request
[2025-06-25 05:01:25.251 PM] info: 	incoming-request
[2025-06-25 05:01:25.253 PM] info: 	incoming-request
[2025-06-25 05:01:25.659 PM] info: 	incoming-request
[2025-06-25 05:02:02.207 PM] info: 	incoming-request
[2025-06-25 05:02:07.545 PM] info: 	incoming-request
[2025-06-25 05:02:07.952 PM] info: 	incoming-request
[2025-06-25 05:02:10.611 PM] info: 	incoming-request
[2025-06-25 05:02:11.020 PM] info: 	incoming-request
[2025-06-25 05:02:15.254 PM] info: 	incoming-request
[2025-06-25 05:02:15.256 PM] info: 	incoming-request
[2025-06-25 05:02:15.557 PM] info: 	incoming-request
[2025-06-25 05:02:17.502 PM] info: 	incoming-request
[2025-06-25 05:02:17.788 PM] info: 	incoming-request
[2025-06-25 05:02:18.191 PM] info: 	incoming-request
[2025-06-25 05:02:37.849 PM] info: 	incoming-request
[2025-06-25 05:02:38.671 PM] info: 	incoming-request
[2025-06-25 05:04:59.686 PM] info: 	incoming-request
[2025-06-25 05:05:16.284 PM] error: 	Answers must be a non-empty array
[2025-06-25 05:05:16.285 PM] info: 	incoming-request
[2025-06-25 05:05:17.602 PM] error: 	Answers must be a non-empty array
[2025-06-25 05:05:17.603 PM] info: 	incoming-request
[2025-06-25 05:05:18.407 PM] error: 	Answers must be a non-empty array
[2025-06-25 05:05:18.408 PM] info: 	incoming-request
[2025-06-25 05:05:22.304 PM] error: 	Answers must be a non-empty array
[2025-06-25 05:05:22.305 PM] info: 	incoming-request
[2025-06-25 05:05:23.353 PM] error: 	Answers must be a non-empty array
[2025-06-25 05:05:23.354 PM] info: 	incoming-request
[2025-06-25 05:05:31.251 PM] error: 	Answers must be a non-empty array
[2025-06-25 05:05:31.252 PM] info: 	incoming-request
[2025-06-25 05:05:32.313 PM] error: 	Answers must be a non-empty array
[2025-06-25 05:05:32.314 PM] info: 	incoming-request
[2025-06-25 05:06:28.133 PM] info: 	incoming-request
[2025-06-25 05:07:52.443 PM] info: 	incoming-request
[2025-06-25 05:07:52.450 PM] info: 	incoming-request
[2025-06-25 05:07:53.150 PM] info: 	incoming-request
[2025-06-25 05:07:53.772 PM] info: 	incoming-request
[2025-06-25 05:07:53.776 PM] info: 	incoming-request
[2025-06-25 05:07:54.110 PM] info: 	incoming-request
[2025-06-25 05:07:55.294 PM] info: 	incoming-request
[2025-06-25 05:07:55.301 PM] info: 	incoming-request
[2025-06-25 05:07:55.784 PM] info: 	incoming-request
[2025-06-25 05:07:55.953 PM] info: 	incoming-request
[2025-06-25 05:07:55.959 PM] info: 	incoming-request
[2025-06-25 05:07:56.517 PM] info: 	incoming-request
[2025-06-25 05:07:56.530 PM] info: 	incoming-request
[2025-06-25 05:07:56.832 PM] info: 	incoming-request
[2025-06-25 05:08:23.535 PM] info: 	incoming-request
[2025-06-25 05:08:23.889 PM] info: 	incoming-request
[2025-06-25 05:08:56.429 PM] info: 	incoming-request
[2025-06-25 05:08:56.435 PM] info: 	incoming-request
[2025-06-25 05:08:57.019 PM] info: 	incoming-request
[2025-06-25 05:09:11.900 PM] info: 	incoming-request
[2025-06-25 05:09:11.902 PM] info: 	incoming-request
[2025-06-25 05:09:12.295 PM] info: 	incoming-request
[2025-06-25 05:10:32.855 PM] info: 	incoming-request
[2025-06-25 05:10:32.867 PM] info: 	incoming-request
[2025-06-25 05:10:33.219 PM] info: 	incoming-request
[2025-06-25 05:10:34.351 PM] info: 	incoming-request
[2025-06-25 05:10:34.356 PM] info: 	incoming-request
[2025-06-25 05:10:34.717 PM] info: 	incoming-request
[2025-06-25 05:14:03.519 PM] info: 	incoming-request
[2025-06-25 05:14:03.522 PM] info: 	incoming-request
[2025-06-25 05:14:04.033 PM] info: 	incoming-request
[2025-06-25 05:14:09.076 PM] info: 	incoming-request
[2025-06-25 05:14:09.084 PM] info: 	incoming-request
[2025-06-25 05:14:09.541 PM] info: 	incoming-request
[2025-06-25 05:15:38.997 PM] info: 	incoming-request
[2025-06-25 05:15:39.000 PM] info: 	incoming-request
[2025-06-25 05:15:39.263 PM] info: 	incoming-request
[2025-06-25 05:15:40.383 PM] info: 	incoming-request
[2025-06-25 05:15:40.386 PM] info: 	incoming-request
[2025-06-25 05:15:41.034 PM] info: 	incoming-request
[2025-06-25 05:15:47.621 PM] info: 	incoming-request
[2025-06-25 05:15:47.628 PM] info: 	incoming-request
[2025-06-25 05:15:48.102 PM] info: 	incoming-request
[2025-06-25 05:16:14.702 PM] info: 	incoming-request
[2025-06-25 05:16:14.850 PM] info: 	incoming-request
[2025-06-25 05:16:15.121 PM] info: 	incoming-request
[2025-06-25 05:16:17.980 PM] info: 	incoming-request
[2025-06-25 05:16:17.984 PM] info: 	incoming-request
[2025-06-25 05:16:18.387 PM] info: 	incoming-request
[2025-06-25 05:16:21.352 PM] info: 	incoming-request
[2025-06-25 05:16:21.354 PM] info: 	incoming-request
[2025-06-25 05:16:21.967 PM] info: 	incoming-request
[2025-06-25 05:16:23.895 PM] info: 	incoming-request
[2025-06-25 05:16:23.921 PM] info: 	incoming-request
[2025-06-25 05:16:24.597 PM] info: 	incoming-request
[2025-06-25 05:17:36.300 PM] info: 	incoming-request
[2025-06-25 05:17:36.311 PM] info: 	incoming-request
[2025-06-25 05:17:36.589 PM] info: 	incoming-request
[2025-06-25 05:17:40.625 PM] info: 	incoming-request
[2025-06-25 05:17:40.635 PM] info: 	incoming-request
[2025-06-25 05:17:40.920 PM] info: 	incoming-request
[2025-06-25 05:18:41.949 PM] info: 	incoming-request
[2025-06-25 05:18:41.952 PM] info: 	incoming-request
[2025-06-25 05:18:42.241 PM] info: 	incoming-request
[2025-06-25 05:19:53.626 PM] info: 	incoming-request
[2025-06-25 05:19:53.629 PM] info: 	incoming-request
[2025-06-25 05:19:54.035 PM] info: 	incoming-request
[2025-06-25 05:19:56.085 PM] info: 	incoming-request
[2025-06-25 05:19:56.088 PM] info: 	incoming-request
[2025-06-25 05:19:56.490 PM] info: 	incoming-request
[2025-06-25 05:20:32.957 PM] info: 	incoming-request
[2025-06-25 05:20:32.961 PM] info: 	incoming-request
[2025-06-25 05:20:33.223 PM] info: 	incoming-request
[2025-06-25 05:20:37.089 PM] info: 	incoming-request
[2025-06-25 05:20:37.093 PM] info: 	incoming-request
[2025-06-25 05:20:37.450 PM] info: 	incoming-request
[2025-06-25 05:21:25.448 PM] info: 	incoming-request
[2025-06-25 05:21:25.483 PM] info: 	incoming-request
[2025-06-25 05:21:25.779 PM] info: 	incoming-request
[2025-06-25 05:26:10.261 PM] info: 	incoming-request
[2025-06-25 05:26:10.274 PM] info: 	incoming-request
[2025-06-25 05:26:10.277 PM] info: 	incoming-request
[2025-06-25 05:26:10.290 PM] info: 	incoming-request
[2025-06-25 05:26:10.292 PM] info: 	incoming-request
[2025-06-25 05:26:10.293 PM] info: 	incoming-request
[2025-06-25 05:26:13.523 PM] info: 	incoming-request
[2025-06-25 05:26:13.525 PM] info: 	incoming-request
[2025-06-25 05:26:13.685 PM] info: 	incoming-request
[2025-06-25 05:26:13.688 PM] info: 	incoming-request
[2025-06-25 05:26:13.818 PM] info: 	incoming-request
[2025-06-25 05:26:13.836 PM] info: 	incoming-request
[2025-06-25 05:26:16.841 PM] info: 	incoming-request
[2025-06-25 05:26:16.851 PM] info: 	incoming-request
[2025-06-25 05:26:16.980 PM] info: 	incoming-request
[2025-06-25 05:26:17.123 PM] info: 	incoming-request
[2025-06-25 05:26:17.280 PM] info: 	incoming-request
[2025-06-25 05:26:17.441 PM] info: 	incoming-request
[2025-06-25 05:26:20.313 PM] info: 	incoming-request
[2025-06-25 05:26:20.315 PM] info: 	incoming-request
[2025-06-25 05:26:20.584 PM] info: 	incoming-request
[2025-06-25 05:26:20.586 PM] info: 	incoming-request
[2025-06-25 05:26:20.793 PM] info: 	incoming-request
[2025-06-25 05:26:20.949 PM] info: 	incoming-request
[2025-06-25 05:26:23.407 PM] info: 	incoming-request
[2025-06-25 05:26:23.457 PM] info: 	incoming-request
[2025-06-25 05:26:23.652 PM] info: 	incoming-request
[2025-06-25 05:26:23.850 PM] info: 	incoming-request
[2025-06-25 05:26:23.997 PM] info: 	incoming-request
[2025-06-25 05:26:24.124 PM] info: 	incoming-request
[2025-06-25 05:26:26.734 PM] info: 	incoming-request
[2025-06-25 05:26:26.736 PM] info: 	incoming-request
[2025-06-25 05:26:27.042 PM] info: 	incoming-request
[2025-06-25 05:26:27.174 PM] info: 	incoming-request
[2025-06-25 05:26:27.175 PM] info: 	incoming-request
[2025-06-25 05:26:27.562 PM] info: 	incoming-request
[2025-06-25 05:26:29.884 PM] info: 	incoming-request
[2025-06-25 05:26:29.893 PM] info: 	incoming-request
[2025-06-25 05:26:30.256 PM] info: 	incoming-request
[2025-06-25 05:26:30.259 PM] info: 	incoming-request
[2025-06-25 05:26:30.563 PM] info: 	incoming-request
[2025-06-25 05:26:30.713 PM] info: 	incoming-request
[2025-06-25 05:26:33.171 PM] info: 	incoming-request
[2025-06-25 05:26:33.180 PM] info: 	incoming-request
[2025-06-25 05:26:33.472 PM] info: 	incoming-request
[2025-06-25 05:26:33.623 PM] info: 	incoming-request
[2025-06-25 05:26:33.962 PM] info: 	incoming-request
[2025-06-25 05:26:34.467 PM] info: 	incoming-request
[2025-06-25 05:26:36.854 PM] info: 	incoming-request
[2025-06-25 05:26:36.856 PM] info: 	incoming-request
[2025-06-25 05:26:36.993 PM] info: 	incoming-request
[2025-06-25 05:26:37.277 PM] info: 	incoming-request
[2025-06-29 08:11:18.971 AM] info: 	incoming-request
[2025-06-29 08:11:23.291 AM] info: 	incoming-request
[2025-06-29 08:11:53.607 AM] info: 	incoming-request
[2025-06-29 08:15:55.499 AM] error: 	Duplicate field value entered
[2025-06-29 08:15:55.507 AM] info: 	incoming-request
[2025-06-29 08:16:05.579 AM] error: 	Duplicate field value entered
[2025-06-29 08:16:05.580 AM] info: 	incoming-request
[2025-06-29 08:16:27.144 AM] error: 	Request failed with status code 500
[2025-06-29 08:16:27.145 AM] info: 	incoming-request
[2025-06-29 09:00:34.220 AM] error: 	Duplicate field value entered
[2025-06-29 09:00:34.221 AM] info: 	incoming-request
[2025-06-29 09:00:48.137 AM] info: 	incoming-request
[2025-06-29 09:02:18.059 AM] error: 	Unauthenticated
[2025-06-29 09:02:18.060 AM] info: 	incoming-request
[2025-06-29 09:03:30.692 AM] error: 	Unauthenticated
[2025-06-29 09:03:30.694 AM] info: 	incoming-request
[2025-06-29 09:05:11.248 AM] error: 	Unauthenticated
[2025-06-29 09:05:11.256 AM] info: 	incoming-request
[2025-06-29 09:05:12.806 AM] error: 	Unauthenticated
[2025-06-29 09:05:12.808 AM] info: 	incoming-request
[2025-06-29 09:05:29.340 AM] info: 	incoming-request
[2025-06-29 09:05:45.133 AM] error: 	Unauthenticated
[2025-06-29 09:05:45.134 AM] info: 	incoming-request
[2025-06-29 09:06:01.224 AM] error: 	Unauthenticated
[2025-06-29 09:06:01.225 AM] info: 	incoming-request
[2025-06-29 09:06:02.936 AM] error: 	Unauthenticated
[2025-06-29 09:06:02.937 AM] info: 	incoming-request
[2025-06-29 09:07:03.040 AM] error: 	Unauthenticated
[2025-06-29 09:07:03.041 AM] info: 	incoming-request
[2025-06-29 09:09:20.609 AM] error: 	Unauthenticated
[2025-06-29 09:09:20.616 AM] info: 	incoming-request
[2025-06-29 09:10:36.364 AM] error: 	Unauthenticated
[2025-06-29 09:10:36.372 AM] info: 	incoming-request
[2025-06-29 09:12:44.406 AM] info: 	incoming-request
[2025-06-29 09:13:00.318 AM] error: 	Unauthenticated
[2025-06-29 09:13:00.320 AM] info: 	incoming-request
[2025-06-29 09:13:01.877 AM] error: 	Unauthenticated
[2025-06-29 09:13:01.878 AM] info: 	incoming-request
[2025-06-29 09:13:48.366 AM] info: 	incoming-request
[2025-06-29 09:13:58.983 AM] error: 	unauthorized access, only for admin
[2025-06-29 09:13:58.985 AM] info: 	incoming-request
[2025-06-29 09:15:14.834 AM] error: 	Request failed with status code 422
[2025-06-29 09:15:14.843 AM] info: 	incoming-request
[2025-06-29 09:17:52.467 AM] error: 	Request failed with status code 422
[2025-06-29 09:17:52.469 AM] info: 	incoming-request
[2025-06-29 09:19:13.002 AM] error: 	Request failed with status code 422
[2025-06-29 09:19:13.003 AM] info: 	incoming-request
[2025-06-29 09:20:07.090 AM] info: 	incoming-request
[2025-06-29 09:23:46.962 AM] error: 	Request failed with status code 500
[2025-06-29 09:23:46.970 AM] info: 	incoming-request
[2025-06-29 09:25:16.917 AM] info: 	incoming-request
[2025-06-29 09:26:28.324 AM] info: 	incoming-request
[2025-06-29 09:39:57.191 AM] info: 	incoming-request
[2025-06-29 09:39:57.673 AM] info: 	incoming-request
[2025-06-29 09:39:57.907 AM] info: 	incoming-request
[2025-06-29 09:40:20.126 AM] info: 	incoming-request
[2025-06-29 09:44:19.442 AM] info: 	incoming-request
[2025-06-29 09:44:19.917 AM] info: 	incoming-request
[2025-06-29 09:44:22.307 AM] info: 	incoming-request
[2025-06-29 09:44:27.378 AM] info: 	incoming-request
[2025-06-29 09:44:27.382 AM] info: 	incoming-request
[2025-06-29 09:44:27.860 AM] info: 	incoming-request
[2025-06-29 09:44:53.007 AM] info: 	incoming-request
[2025-06-29 09:44:53.016 AM] info: 	incoming-request
[2025-06-29 09:44:53.480 AM] info: 	incoming-request
[2025-06-29 09:45:46.906 AM] info: 	incoming-request
[2025-06-29 09:45:46.962 AM] info: 	incoming-request
[2025-06-29 09:45:47.421 AM] info: 	incoming-request
[2025-06-29 09:45:47.874 AM] info: 	incoming-request
[2025-06-29 09:45:47.876 AM] info: 	incoming-request
[2025-06-29 09:46:14.680 AM] info: 	incoming-request
[2025-06-29 09:46:14.682 AM] info: 	incoming-request
[2025-06-29 09:46:15.163 AM] info: 	incoming-request
[2025-06-29 09:48:16.536 AM] info: 	incoming-request
[2025-06-29 09:48:16.689 AM] info: 	incoming-request
[2025-06-29 09:48:17.340 AM] info: 	incoming-request
[2025-06-29 09:48:41.477 AM] info: 	incoming-request
[2025-06-29 09:48:41.479 AM] info: 	incoming-request
[2025-06-29 09:48:42.040 AM] info: 	incoming-request
[2025-06-29 09:50:44.063 AM] info: 	incoming-request
[2025-06-29 09:50:44.067 AM] info: 	incoming-request
[2025-06-29 09:50:44.585 AM] info: 	incoming-request
[2025-06-29 09:50:54.704 AM] info: 	incoming-request
[2025-06-29 09:50:54.706 AM] info: 	incoming-request
[2025-06-29 09:50:55.181 AM] info: 	incoming-request
[2025-06-29 09:51:10.994 AM] info: 	incoming-request
[2025-06-29 09:51:11.134 AM] info: 	incoming-request
[2025-06-29 09:51:11.456 AM] info: 	incoming-request
[2025-06-29 09:53:22.073 AM] info: 	incoming-request
[2025-06-29 09:53:22.075 AM] info: 	incoming-request
[2025-06-29 09:53:22.336 AM] info: 	incoming-request
[2025-06-29 09:53:26.181 AM] info: 	incoming-request
[2025-06-29 09:53:26.182 AM] info: 	incoming-request
[2025-06-29 09:53:26.607 AM] info: 	incoming-request
[2025-06-29 09:57:05.247 AM] error: 	Resource not found
[2025-06-29 09:57:05.260 AM] info: 	incoming-request
[2025-06-29 09:57:05.433 AM] error: 	Resource not found
[2025-06-29 09:57:05.435 AM] info: 	incoming-request
[2025-06-29 09:57:05.682 AM] info: 	incoming-request
[2025-06-29 09:57:06.094 AM] info: 	incoming-request
[2025-06-29 09:57:14.269 AM] info: 	incoming-request
[2025-06-29 09:57:14.608 AM] info: 	incoming-request
[2025-06-29 09:57:16.554 AM] info: 	incoming-request
[2025-06-29 09:57:16.562 AM] info: 	incoming-request
[2025-06-29 09:57:16.883 AM] info: 	incoming-request
[2025-06-29 09:57:19.554 AM] info: 	incoming-request
[2025-06-29 09:57:19.892 AM] info: 	incoming-request
[2025-06-29 09:57:20.163 AM] info: 	incoming-request
[2025-06-29 09:57:29.658 AM] info: 	incoming-request
[2025-06-29 09:57:47.678 AM] info: 	incoming-request
[2025-06-29 09:57:47.684 AM] info: 	incoming-request
[2025-06-29 09:57:47.972 AM] info: 	incoming-request
[2025-06-29 09:57:53.155 AM] info: 	incoming-request
[2025-06-29 09:57:53.496 AM] info: 	incoming-request
[2025-06-29 09:57:54.969 AM] info: 	incoming-request
[2025-06-29 09:58:03.750 AM] info: 	incoming-request
[2025-06-29 09:58:46.262 AM] info: 	incoming-request
[2025-06-29 09:58:46.607 AM] info: 	incoming-request
[2025-06-29 09:58:46.868 AM] info: 	incoming-request
[2025-06-29 10:01:42.042 AM] info: 	incoming-request
[2025-06-29 10:01:42.052 AM] info: 	incoming-request
[2025-06-29 10:01:42.320 AM] info: 	incoming-request
[2025-06-29 10:01:42.524 AM] info: 	incoming-request
[2025-06-29 10:01:42.532 AM] info: 	incoming-request
[2025-06-29 10:01:56.184 AM] info: 	incoming-request
[2025-06-29 10:01:56.507 AM] info: 	incoming-request
[2025-06-29 10:01:56.826 AM] info: 	incoming-request
[2025-06-29 10:03:09.451 AM] info: 	incoming-request
[2025-06-29 10:03:09.461 AM] info: 	incoming-request
[2025-06-29 10:03:09.766 AM] info: 	incoming-request
[2025-06-29 10:04:24.827 AM] info: 	incoming-request
[2025-06-29 10:04:24.935 AM] info: 	incoming-request
[2025-06-29 10:04:25.210 AM] info: 	incoming-request
[2025-06-29 10:04:29.713 AM] info: 	incoming-request
[2025-06-29 10:04:29.733 AM] info: 	incoming-request
[2025-06-29 10:04:30.059 AM] info: 	incoming-request
[2025-06-29 10:04:50.054 AM] info: 	incoming-request
[2025-06-29 10:04:50.109 AM] info: 	incoming-request
[2025-06-29 10:04:50.377 AM] info: 	incoming-request
[2025-06-29 10:06:18.839 AM] info: 	incoming-request
[2025-06-29 10:06:18.858 AM] info: 	incoming-request
[2025-06-29 10:06:19.126 AM] info: 	incoming-request
[2025-06-29 10:06:19.807 AM] info: 	incoming-request
[2025-06-29 10:06:19.817 AM] info: 	incoming-request
[2025-06-29 10:06:20.104 AM] info: 	incoming-request
[2025-06-29 10:06:26.221 AM] info: 	incoming-request
[2025-06-29 10:06:26.593 AM] info: 	incoming-request
[2025-06-29 10:06:26.917 AM] info: 	incoming-request
[2025-06-29 10:06:38.835 AM] info: 	incoming-request
[2025-06-29 10:07:46.868 AM] info: 	incoming-request
[2025-06-29 10:07:46.912 AM] info: 	incoming-request
[2025-06-29 10:07:47.179 AM] info: 	incoming-request
[2025-06-29 10:07:47.761 AM] info: 	incoming-request
[2025-06-29 10:07:47.767 AM] info: 	incoming-request
[2025-06-29 10:07:48.063 AM] info: 	incoming-request
[2025-06-29 10:08:21.439 AM] info: 	incoming-request
[2025-06-29 10:08:21.449 AM] info: 	incoming-request
[2025-06-29 10:08:21.752 AM] info: 	incoming-request
[2025-06-29 10:12:02.324 AM] info: 	incoming-request
[2025-06-29 10:12:02.690 AM] info: 	incoming-request
[2025-06-29 10:12:22.816 AM] info: 	incoming-request
[2025-06-29 10:12:22.861 AM] info: 	incoming-request
[2025-06-29 10:12:23.136 AM] info: 	incoming-request
[2025-06-29 10:12:27.756 AM] info: 	incoming-request
[2025-06-29 10:12:27.803 AM] info: 	incoming-request
[2025-06-29 10:12:28.075 AM] info: 	incoming-request
[2025-06-29 10:12:48.288 AM] info: 	incoming-request
[2025-06-29 10:12:48.345 AM] info: 	incoming-request
[2025-06-29 10:12:48.653 AM] info: 	incoming-request
[2025-06-29 10:12:51.639 AM] info: 	incoming-request
[2025-06-29 10:12:51.674 AM] info: 	incoming-request
[2025-06-29 10:12:51.918 AM] info: 	incoming-request
[2025-06-29 10:12:53.080 AM] info: 	incoming-request
[2025-06-29 10:12:53.084 AM] info: 	incoming-request
[2025-06-29 10:12:53.441 AM] info: 	incoming-request
[2025-06-29 10:12:55.050 AM] info: 	incoming-request
[2025-06-29 10:12:55.072 AM] info: 	incoming-request
[2025-06-29 10:12:55.322 AM] info: 	incoming-request
[2025-06-29 10:15:06.960 AM] info: 	incoming-request
[2025-06-29 10:15:06.985 AM] info: 	incoming-request
[2025-06-29 10:15:07.273 AM] info: 	incoming-request
[2025-06-29 10:15:22.953 AM] info: 	incoming-request
[2025-06-29 10:15:22.975 AM] info: 	incoming-request
[2025-06-29 10:15:23.356 AM] info: 	incoming-request
[2025-06-29 10:15:37.163 AM] info: 	incoming-request
[2025-06-29 10:15:37.164 AM] info: 	incoming-request
[2025-06-29 10:15:37.907 AM] info: 	incoming-request
[2025-06-29 10:15:44.680 AM] info: 	incoming-request
[2025-06-29 10:15:44.682 AM] info: 	incoming-request
[2025-06-29 10:15:45.253 AM] info: 	incoming-request
[2025-06-29 10:16:08.531 AM] info: 	incoming-request
[2025-06-29 10:16:08.533 AM] info: 	incoming-request
[2025-06-29 10:16:09.308 AM] info: 	incoming-request
[2025-06-29 10:16:25.982 AM] info: 	incoming-request
[2025-06-29 10:16:25.984 AM] info: 	incoming-request
[2025-06-29 10:16:26.465 AM] info: 	incoming-request
[2025-06-29 10:16:28.889 AM] info: 	incoming-request
[2025-06-29 10:16:28.891 AM] info: 	incoming-request
[2025-06-29 10:16:29.369 AM] info: 	incoming-request
[2025-06-29 10:16:31.304 AM] info: 	incoming-request
[2025-06-29 10:16:31.333 AM] info: 	incoming-request
[2025-06-29 10:16:31.786 AM] info: 	incoming-request
[2025-06-29 10:16:34.444 AM] info: 	incoming-request
[2025-06-29 10:16:34.447 AM] info: 	incoming-request
[2025-06-29 10:16:34.766 AM] info: 	incoming-request
[2025-06-29 10:17:11.731 AM] info: 	incoming-request
[2025-06-29 10:17:11.732 AM] info: 	incoming-request
[2025-06-29 10:17:12.228 AM] info: 	incoming-request
[2025-06-29 10:18:42.570 AM] info: 	incoming-request
[2025-06-29 10:18:42.580 AM] info: 	incoming-request
[2025-06-29 10:18:43.044 AM] info: 	incoming-request
[2025-06-29 10:23:36.184 AM] info: 	incoming-request
[2025-06-29 10:23:36.652 AM] info: 	incoming-request
[2025-06-29 10:23:43.766 AM] info: 	incoming-request
[2025-06-29 10:23:44.402 AM] info: 	incoming-request
[2025-06-29 10:23:45.141 AM] info: 	incoming-request
[2025-06-29 10:23:45.603 AM] info: 	incoming-request
[2025-06-29 10:23:47.236 AM] info: 	incoming-request
[2025-06-29 10:23:47.588 AM] info: 	incoming-request
[2025-06-29 10:23:50.441 AM] info: 	incoming-request
[2025-06-29 10:23:50.909 AM] info: 	incoming-request
[2025-06-29 10:25:01.204 AM] info: 	incoming-request
[2025-06-29 10:25:01.929 AM] info: 	incoming-request
[2025-06-29 10:25:09.900 AM] info: 	incoming-request
[2025-06-29 10:25:10.458 AM] info: 	incoming-request
[2025-06-29 10:25:12.143 AM] info: 	incoming-request
[2025-06-29 10:25:12.555 AM] info: 	incoming-request
[2025-06-29 10:25:21.502 AM] info: 	incoming-request
[2025-06-29 10:25:22.056 AM] info: 	incoming-request
[2025-06-29 10:26:25.067 AM] info: 	incoming-request
[2025-06-29 10:26:25.494 AM] info: 	incoming-request
[2025-06-29 10:26:29.267 AM] info: 	incoming-request
[2025-06-29 10:26:29.658 AM] info: 	incoming-request
[2025-06-29 10:26:31.840 AM] info: 	incoming-request
[2025-06-29 10:26:31.846 AM] info: 	incoming-request
[2025-06-29 10:26:32.304 AM] info: 	incoming-request
[2025-06-29 10:26:32.820 AM] info: 	incoming-request
[2025-06-29 10:26:32.822 AM] info: 	incoming-request
[2025-06-29 10:26:33.283 AM] info: 	incoming-request
[2025-06-29 10:26:37.394 AM] info: 	incoming-request
[2025-06-29 10:26:37.876 AM] info: 	incoming-request
[2025-06-29 10:26:38.331 AM] info: 	incoming-request
[2025-06-29 10:26:55.029 AM] info: 	incoming-request
[2025-06-29 10:28:00.507 AM] info: 	incoming-request
[2025-06-29 10:28:00.994 AM] info: 	incoming-request
[2025-06-29 10:29:08.201 AM] info: 	incoming-request
[2025-06-29 10:29:08.206 AM] info: 	incoming-request
[2025-06-29 10:29:08.653 AM] info: 	incoming-request
[2025-06-29 10:29:13.020 AM] info: 	incoming-request
[2025-06-29 10:29:13.022 AM] info: 	incoming-request
[2025-06-29 10:29:13.473 AM] info: 	incoming-request
[2025-06-29 10:30:10.476 AM] info: 	incoming-request
[2025-06-29 10:30:10.852 AM] info: 	incoming-request
[2025-06-29 10:32:40.024 AM] info: 	incoming-request
[2025-06-29 10:32:40.265 AM] info: 	incoming-request
[2025-06-29 10:32:46.604 AM] info: 	incoming-request
[2025-06-29 10:32:46.950 AM] info: 	incoming-request
[2025-06-29 10:32:52.950 AM] info: 	incoming-request
[2025-06-29 10:32:53.268 AM] info: 	incoming-request
[2025-06-29 10:32:54.010 AM] info: 	incoming-request
[2025-06-29 10:32:54.074 AM] info: 	incoming-request
[2025-06-29 10:32:54.377 AM] info: 	incoming-request
[2025-06-29 10:32:56.947 AM] info: 	incoming-request
[2025-06-29 10:32:56.949 AM] info: 	incoming-request
[2025-06-29 10:32:57.224 AM] info: 	incoming-request
[2025-06-29 10:32:57.507 AM] info: 	incoming-request
[2025-06-29 10:32:57.516 AM] info: 	incoming-request
[2025-06-29 10:33:00.485 AM] info: 	incoming-request
[2025-06-29 10:33:00.496 AM] info: 	incoming-request
[2025-06-29 10:33:00.784 AM] info: 	incoming-request
[2025-06-29 10:33:06.614 AM] info: 	incoming-request
[2025-06-29 10:33:06.895 AM] info: 	incoming-request
[2025-06-29 10:33:08.624 AM] info: 	incoming-request
[2025-06-29 10:33:08.927 AM] info: 	incoming-request
[2025-06-29 10:33:10.657 AM] info: 	incoming-request
[2025-06-29 10:33:10.860 AM] info: 	incoming-request
[2025-06-29 10:33:11.013 AM] info: 	incoming-request
[2025-06-29 10:33:17.822 AM] info: 	incoming-request
[2025-06-29 10:33:18.138 AM] info: 	incoming-request
[2025-06-29 10:33:21.010 AM] info: 	incoming-request
[2025-06-29 10:33:21.307 AM] info: 	incoming-request
[2025-06-29 10:33:22.688 AM] info: 	incoming-request
[2025-06-29 10:33:23.018 AM] info: 	incoming-request
[2025-06-29 10:33:46.324 AM] info: 	incoming-request
[2025-06-29 10:33:46.326 AM] info: 	incoming-request
[2025-06-29 10:33:46.597 AM] info: 	incoming-request
[2025-06-29 10:33:47.390 AM] info: 	incoming-request
[2025-06-29 10:33:47.391 AM] info: 	incoming-request
[2025-06-29 10:33:47.695 AM] info: 	incoming-request
[2025-06-29 10:33:53.485 AM] info: 	incoming-request
[2025-06-29 10:33:53.817 AM] info: 	incoming-request
[2025-06-29 10:33:54.144 AM] info: 	incoming-request
[2025-06-29 10:34:04.485 AM] info: 	incoming-request
[2025-06-29 10:35:05.969 AM] info: 	incoming-request
[2025-06-29 10:35:06.279 AM] info: 	incoming-request
[2025-06-29 10:35:06.615 AM] info: 	incoming-request
[2025-06-29 10:35:24.631 AM] info: 	incoming-request
[2025-06-29 10:35:24.632 AM] info: 	incoming-request
[2025-06-29 10:35:24.970 AM] info: 	incoming-request
[2025-06-29 10:35:29.297 AM] info: 	incoming-request
[2025-06-29 10:35:29.613 AM] info: 	incoming-request
[2025-06-29 10:35:33.352 AM] info: 	incoming-request
[2025-06-29 10:35:33.357 AM] info: 	incoming-request
[2025-06-29 10:35:33.644 AM] info: 	incoming-request
[2025-06-29 10:35:36.374 AM] info: 	incoming-request
[2025-06-29 10:35:37.722 AM] info: 	incoming-request
[2025-06-29 10:35:37.954 AM] info: 	incoming-request
[2025-06-29 10:36:49.170 AM] info: 	incoming-request
[2025-06-29 10:36:49.211 AM] info: 	incoming-request
[2025-06-29 10:36:49.546 AM] info: 	incoming-request
[2025-06-29 10:36:52.052 AM] info: 	incoming-request
[2025-06-29 10:36:52.056 AM] info: 	incoming-request
[2025-06-29 10:36:52.376 AM] info: 	incoming-request
[2025-06-29 10:43:56.728 AM] info: 	incoming-request
[2025-06-29 10:43:57.483 AM] info: 	incoming-request
[2025-06-29 10:45:36.732 AM] info: 	incoming-request
[2025-06-29 10:45:37.063 AM] info: 	incoming-request
[2025-06-29 10:45:38.073 AM] info: 	incoming-request
[2025-06-29 10:45:38.256 AM] info: 	incoming-request
[2025-06-29 10:45:38.497 AM] info: 	incoming-request
[2025-06-29 10:45:43.086 AM] info: 	incoming-request
[2025-06-29 10:45:43.090 AM] info: 	incoming-request
[2025-06-29 10:45:43.535 AM] info: 	incoming-request
[2025-06-29 10:46:02.917 AM] info: 	incoming-request
[2025-06-29 10:46:02.923 AM] info: 	incoming-request
[2025-06-29 10:46:03.383 AM] info: 	incoming-request
[2025-06-29 10:46:12.492 AM] info: 	incoming-request
[2025-06-29 10:46:12.496 AM] info: 	incoming-request
[2025-06-29 10:46:12.818 AM] info: 	incoming-request
[2025-06-29 10:46:23.443 AM] info: 	incoming-request
[2025-06-29 10:46:23.682 AM] info: 	incoming-request
[2025-06-29 10:46:24.405 AM] info: 	incoming-request
[2025-06-29 10:46:46.396 AM] info: 	incoming-request
[2025-06-29 10:46:47.152 AM] info: 	incoming-request
[2025-06-29 10:46:48.152 AM] info: 	incoming-request
[2025-06-29 10:46:48.566 AM] info: 	incoming-request
[2025-06-29 10:46:51.265 AM] info: 	incoming-request
[2025-06-29 10:46:51.748 AM] info: 	incoming-request
[2025-06-29 10:46:53.397 AM] info: 	incoming-request
[2025-06-29 10:46:53.947 AM] info: 	incoming-request
[2025-06-29 10:46:55.522 AM] info: 	incoming-request
[2025-06-29 10:46:56.110 AM] info: 	incoming-request
[2025-06-29 10:47:01.434 AM] info: 	incoming-request
[2025-06-29 10:47:01.875 AM] info: 	incoming-request
[2025-06-29 10:47:08.627 AM] info: 	incoming-request
[2025-06-29 10:47:09.099 AM] info: 	incoming-request
[2025-06-29 10:47:30.052 AM] info: 	incoming-request
[2025-06-29 10:47:30.360 AM] info: 	incoming-request
[2025-06-29 10:47:48.000 AM] info: 	incoming-request
[2025-06-29 10:47:48.002 AM] info: 	incoming-request
[2025-06-29 10:47:48.475 AM] info: 	incoming-request
[2025-06-29 10:48:22.066 AM] info: 	incoming-request
[2025-06-29 10:49:33.905 AM] info: 	incoming-request
[2025-06-29 10:49:34.331 AM] info: 	incoming-request
[2025-06-29 10:49:34.819 AM] info: 	incoming-request
[2025-06-29 10:51:06.871 AM] info: 	incoming-request
[2025-06-29 10:51:32.376 AM] info: 	incoming-request
[2025-06-29 10:51:32.498 AM] info: 	incoming-request
[2025-06-29 10:51:32.756 AM] info: 	incoming-request
[2025-06-29 10:51:37.941 AM] info: 	incoming-request
[2025-06-29 10:51:37.959 AM] info: 	incoming-request
[2025-06-29 10:51:38.252 AM] info: 	incoming-request
[2025-06-29 10:51:42.252 AM] info: 	incoming-request
[2025-06-29 10:51:42.253 AM] info: 	incoming-request
[2025-06-29 10:51:42.508 AM] info: 	incoming-request
[2025-06-29 11:26:10.676 AM] info: 	incoming-request
[2025-06-29 11:26:12.786 AM] info: 	incoming-request
[2025-06-29 11:26:13.691 AM] info: 	incoming-request
[2025-06-29 11:26:59.436 AM] info: 	incoming-request
[2025-06-29 11:26:59.438 AM] info: 	incoming-request
[2025-06-29 11:26:59.843 AM] info: 	incoming-request
[2025-06-29 11:27:01.012 AM] info: 	incoming-request
[2025-06-29 11:27:01.373 AM] info: 	incoming-request
[2025-06-29 11:27:01.652 AM] info: 	incoming-request
[2025-06-29 11:27:06.049 AM] info: 	incoming-request
[2025-06-29 11:27:06.451 AM] info: 	incoming-request
[2025-06-29 11:27:07.216 AM] info: 	incoming-request
[2025-06-29 11:29:04.773 AM] info: 	incoming-request
[2025-06-29 11:31:04.683 AM] info: 	incoming-request
[2025-06-29 11:31:04.686 AM] info: 	incoming-request
[2025-06-29 11:31:05.194 AM] info: 	incoming-request
[2025-06-29 11:33:32.233 AM] info: 	incoming-request
[2025-06-29 11:33:32.584 AM] info: 	incoming-request
[2025-06-29 11:33:33.879 AM] info: 	incoming-request
[2025-06-29 11:34:33.169 AM] info: 	incoming-request
[2025-06-29 11:34:33.171 AM] info: 	incoming-request
[2025-06-29 11:34:33.619 AM] info: 	incoming-request
[2025-06-29 11:34:33.958 AM] info: 	incoming-request
[2025-06-29 11:34:33.960 AM] info: 	incoming-request
[2025-06-29 11:34:38.801 AM] info: 	incoming-request
[2025-06-29 11:34:39.388 AM] info: 	incoming-request
[2025-06-29 11:34:39.791 AM] info: 	incoming-request
[2025-06-29 11:35:15.207 AM] info: 	incoming-request
[2025-06-29 11:36:07.886 AM] info: 	incoming-request
[2025-06-29 11:36:07.893 AM] info: 	incoming-request
[2025-06-29 11:36:08.211 AM] info: 	incoming-request
[2025-06-29 11:36:31.369 AM] info: 	incoming-request
[2025-06-29 11:36:32.122 AM] info: 	incoming-request
[2025-06-29 11:36:32.257 AM] info: 	incoming-request
[2025-06-29 11:36:32.266 AM] info: 	incoming-request
[2025-06-29 11:36:55.298 AM] info: 	incoming-request
[2025-06-29 11:37:00.787 AM] error: 	Resource not found
[2025-06-29 11:37:00.788 AM] info: 	incoming-request
[2025-06-29 11:37:00.797 AM] error: 	Resource not found
[2025-06-29 11:37:00.799 AM] info: 	incoming-request
[2025-06-29 11:37:01.237 AM] info: 	incoming-request
[2025-06-29 11:37:01.750 AM] info: 	incoming-request
[2025-06-29 11:37:12.403 AM] info: 	incoming-request
[2025-06-29 11:37:12.812 AM] info: 	incoming-request
[2025-06-29 11:37:15.589 AM] info: 	incoming-request
[2025-06-29 11:37:15.987 AM] info: 	incoming-request
[2025-06-29 11:37:20.593 AM] info: 	incoming-request
[2025-06-29 11:37:20.595 AM] info: 	incoming-request
[2025-06-29 11:37:20.957 AM] info: 	incoming-request
[2025-06-29 11:37:45.947 AM] info: 	incoming-request
[2025-06-29 11:37:49.575 AM] info: 	incoming-request
[2025-06-29 11:37:52.032 AM] info: 	incoming-request
[2025-06-29 11:37:52.955 AM] info: 	incoming-request
[2025-06-29 11:37:53.565 AM] info: 	incoming-request
[2025-06-29 11:38:59.212 AM] info: 	incoming-request
[2025-06-29 11:39:27.880 AM] info: 	incoming-request
[2025-06-29 11:40:06.792 AM] info: 	incoming-request
[2025-06-29 11:40:32.417 AM] info: 	incoming-request
[2025-06-29 11:40:38.330 AM] info: 	incoming-request
[2025-06-29 11:42:15.811 AM] info: 	incoming-request
[2025-06-29 11:44:18.022 AM] error: 	Request failed with status code 500
[2025-06-29 11:44:18.025 AM] info: 	incoming-request
[2025-06-29 11:44:21.538 AM] info: 	incoming-request
[2025-06-29 11:47:23.675 AM] info: 	incoming-request
[2025-06-29 11:47:45.591 AM] info: 	incoming-request
[2025-06-29 11:48:08.273 AM] info: 	incoming-request
[2025-06-29 11:49:48.936 AM] info: 	incoming-request
[2025-06-29 11:50:06.036 AM] info: 	incoming-request
[2025-06-29 11:50:20.783 AM] info: 	incoming-request
[2025-06-29 12:41:09.583 PM] error: 	Path `session` is required.
[2025-06-29 12:41:09.590 PM] info: 	incoming-request
[2025-06-29 12:41:40.025 PM] info: 	incoming-request
[2025-06-29 12:42:12.268 PM] info: 	incoming-request
[2025-06-29 12:44:05.522 PM] error: 	Request failed with status code 422
[2025-06-29 12:44:05.531 PM] info: 	incoming-request
[2025-06-29 12:45:54.557 PM] error: 	Request failed with status code 500
[2025-06-29 12:45:54.558 PM] info: 	incoming-request
[2025-06-29 12:46:31.559 PM] error: 	Request failed with status code 500
[2025-06-29 12:46:31.560 PM] info: 	incoming-request
[2025-06-29 12:50:29.707 PM] info: 	incoming-request
[2025-06-29 12:51:01.950 PM] info: 	incoming-request
[2025-06-29 12:52:09.847 PM] info: 	incoming-request
[2025-06-29 12:52:26.548 PM] info: 	incoming-request
[2025-06-29 12:52:41.494 PM] info: 	incoming-request
[2025-06-29 12:52:41.793 PM] info: 	incoming-request
[2025-06-29 12:54:54.050 PM] info: 	incoming-request
[2025-06-29 12:56:21.129 PM] info: 	incoming-request
[2025-06-29 12:56:39.586 PM] info: 	incoming-request
[2025-06-29 12:56:52.941 PM] info: 	incoming-request
[2025-06-29 12:57:25.894 PM] info: 	incoming-request
[2025-06-29 12:57:34.074 PM] info: 	incoming-request
[2025-06-29 12:57:51.542 PM] info: 	incoming-request
[2025-06-29 12:57:51.868 PM] info: 	incoming-request
[2025-06-29 12:57:58.635 PM] info: 	incoming-request
[2025-06-29 12:57:58.778 PM] info: 	incoming-request
[2025-06-29 12:57:59.071 PM] info: 	incoming-request
[2025-06-29 12:58:55.128 PM] info: 	incoming-request
[2025-06-29 12:59:04.570 PM] info: 	incoming-request
[2025-06-29 12:59:04.579 PM] info: 	incoming-request
[2025-06-29 12:59:04.866 PM] info: 	incoming-request
[2025-06-29 12:59:09.600 PM] info: 	incoming-request
[2025-06-29 12:59:09.931 PM] info: 	incoming-request
[2025-06-29 12:59:16.033 PM] info: 	incoming-request
[2025-06-29 12:59:16.047 PM] info: 	incoming-request
[2025-06-29 12:59:34.842 PM] info: 	incoming-request
[2025-06-29 12:59:37.699 PM] info: 	incoming-request
[2025-06-29 12:59:39.169 PM] info: 	incoming-request
[2025-06-29 12:59:45.110 PM] info: 	incoming-request
[2025-06-29 12:59:45.132 PM] info: 	incoming-request
[2025-06-29 12:59:45.142 PM] info: 	incoming-request
[2025-06-29 12:59:48.926 PM] info: 	incoming-request
[2025-06-29 12:59:48.928 PM] info: 	incoming-request
[2025-06-29 12:59:48.929 PM] info: 	incoming-request
[2025-06-29 12:59:50.526 PM] info: 	incoming-request
[2025-06-29 12:59:50.559 PM] info: 	incoming-request
[2025-06-29 01:00:43.283 PM] info: 	incoming-request
[2025-06-29 01:02:57.102 PM] info: 	incoming-request
[2025-06-29 01:02:57.960 PM] info: 	incoming-request
[2025-06-29 01:03:00.969 PM] info: 	incoming-request
[2025-06-29 01:03:41.089 PM] info: 	incoming-request
[2025-06-29 01:03:41.096 PM] info: 	incoming-request
[2025-06-29 01:03:41.521 PM] info: 	incoming-request
[2025-06-29 01:03:44.044 PM] info: 	incoming-request
[2025-06-29 01:03:44.045 PM] info: 	incoming-request
[2025-06-29 01:03:44.411 PM] info: 	incoming-request
[2025-06-29 01:03:47.135 PM] info: 	incoming-request
[2025-06-29 01:03:47.875 PM] info: 	incoming-request
[2025-06-29 01:03:48.814 PM] info: 	incoming-request
[2025-06-29 01:42:39.422 PM] info: 	incoming-request
[2025-06-29 01:42:40.111 PM] info: 	incoming-request
[2025-06-29 01:43:30.958 PM] info: 	incoming-request
[2025-06-29 01:43:43.467 PM] info: 	incoming-request
[2025-06-29 01:43:44.562 PM] info: 	incoming-request
[2025-06-29 01:43:57.047 PM] info: 	incoming-request
[2025-06-29 01:43:59.872 PM] info: 	incoming-request
[2025-06-29 01:44:00.410 PM] info: 	incoming-request
[2025-06-29 01:44:01.290 PM] info: 	incoming-request
[2025-06-29 01:44:01.291 PM] info: 	incoming-request
[2025-06-29 01:44:01.952 PM] info: 	incoming-request
[2025-06-29 01:44:01.953 PM] info: 	incoming-request
[2025-06-29 01:44:39.791 PM] info: 	incoming-request
[2025-06-29 01:45:24.080 PM] info: 	incoming-request
[2025-06-29 01:45:30.171 PM] info: 	incoming-request
[2025-06-29 01:45:31.810 PM] info: 	incoming-request
[2025-06-29 01:45:50.306 PM] info: 	incoming-request
[2025-06-29 01:46:04.356 PM] info: 	incoming-request
[2025-06-29 01:46:04.706 PM] info: 	incoming-request
[2025-06-29 01:46:25.885 PM] info: 	incoming-request
[2025-06-29 01:46:26.686 PM] info: 	incoming-request
[2025-06-29 01:47:49.946 PM] info: 	incoming-request
[2025-06-29 01:47:50.558 PM] info: 	incoming-request
[2025-06-29 01:47:53.462 PM] info: 	incoming-request
[2025-06-29 01:47:54.612 PM] info: 	incoming-request
[2025-06-29 01:47:55.771 PM] info: 	incoming-request
[2025-06-29 01:47:58.121 PM] info: 	incoming-request
[2025-06-29 01:50:00.567 PM] info: 	incoming-request
[2025-06-29 01:50:00.568 PM] info: 	incoming-request
[2025-06-29 01:50:04.079 PM] info: 	incoming-request
[2025-06-29 01:50:04.655 PM] info: 	incoming-request
[2025-06-29 01:50:05.172 PM] info: 	incoming-request
[2025-06-29 01:50:10.116 PM] info: 	incoming-request
[2025-06-29 01:50:11.101 PM] info: 	incoming-request
[2025-06-29 01:50:53.218 PM] info: 	incoming-request
[2025-06-29 01:50:53.219 PM] info: 	incoming-request
[2025-06-29 01:50:55.505 PM] info: 	incoming-request
[2025-06-29 01:50:55.505 PM] info: 	incoming-request
[2025-06-29 01:51:54.859 PM] info: 	incoming-request
[2025-06-29 01:51:55.909 PM] info: 	incoming-request
[2025-06-29 01:51:58.540 PM] info: 	incoming-request
[2025-06-29 01:51:59.026 PM] info: 	incoming-request
[2025-06-29 01:52:21.269 PM] info: 	incoming-request
[2025-06-29 01:52:23.830 PM] info: 	incoming-request
[2025-06-29 01:52:25.354 PM] info: 	incoming-request
[2025-06-29 01:52:44.917 PM] info: 	incoming-request
[2025-06-29 01:52:44.918 PM] info: 	incoming-request
[2025-06-29 01:52:46.511 PM] info: 	incoming-request
[2025-06-29 01:52:47.085 PM] info: 	incoming-request
[2025-06-29 01:56:46.151 PM] info: 	incoming-request
[2025-06-29 01:56:47.274 PM] info: 	incoming-request
[2025-06-29 01:56:57.868 PM] info: 	incoming-request
[2025-06-29 01:56:58.900 PM] info: 	incoming-request
[2025-06-29 01:57:12.520 PM] info: 	incoming-request
[2025-06-29 01:57:12.533 PM] info: 	incoming-request
[2025-06-29 01:57:58.868 PM] info: 	incoming-request
[2025-06-29 01:57:58.880 PM] info: 	incoming-request
[2025-06-29 01:58:08.024 PM] info: 	incoming-request
[2025-06-29 01:58:08.026 PM] info: 	incoming-request
[2025-06-29 01:58:33.428 PM] info: 	incoming-request
[2025-06-29 01:58:33.664 PM] info: 	incoming-request
[2025-06-29 01:58:39.948 PM] info: 	incoming-request
[2025-06-29 01:58:39.949 PM] info: 	incoming-request
[2025-06-29 01:58:41.657 PM] info: 	incoming-request
[2025-06-29 01:58:41.658 PM] info: 	incoming-request
[2025-06-29 01:58:47.684 PM] info: 	incoming-request
[2025-06-29 01:58:47.686 PM] info: 	incoming-request
[2025-06-29 01:59:03.396 PM] info: 	incoming-request
[2025-06-29 01:59:03.400 PM] info: 	incoming-request
[2025-06-29 01:59:05.815 PM] info: 	incoming-request
[2025-06-29 01:59:05.816 PM] info: 	incoming-request
[2025-06-29 01:59:20.280 PM] info: 	incoming-request
[2025-06-29 01:59:20.280 PM] info: 	incoming-request
[2025-06-29 01:59:43.033 PM] info: 	incoming-request
[2025-06-29 01:59:43.035 PM] info: 	incoming-request
[2025-06-29 01:59:47.920 PM] info: 	incoming-request
[2025-06-29 01:59:47.922 PM] info: 	incoming-request
[2025-06-29 01:59:54.391 PM] info: 	incoming-request
[2025-06-29 01:59:54.411 PM] info: 	incoming-request
[2025-06-29 02:00:00.434 PM] info: 	incoming-request
[2025-06-29 02:00:00.457 PM] info: 	incoming-request
[2025-06-29 02:00:04.125 PM] info: 	incoming-request
[2025-06-29 02:00:04.128 PM] info: 	incoming-request
[2025-06-29 02:00:25.402 PM] info: 	incoming-request
[2025-06-29 02:00:25.403 PM] info: 	incoming-request
[2025-06-29 02:00:26.989 PM] info: 	incoming-request
[2025-06-29 02:00:26.991 PM] info: 	incoming-request
[2025-06-29 02:00:28.779 PM] info: 	incoming-request
[2025-06-29 02:00:28.781 PM] info: 	incoming-request
[2025-06-29 02:00:33.498 PM] info: 	incoming-request
[2025-06-29 02:00:33.499 PM] info: 	incoming-request
[2025-06-29 02:00:38.886 PM] info: 	incoming-request
[2025-06-29 02:00:39.081 PM] info: 	incoming-request
[2025-06-29 02:00:46.389 PM] info: 	incoming-request
[2025-06-29 02:00:46.520 PM] info: 	incoming-request
[2025-06-29 02:00:48.765 PM] info: 	incoming-request
[2025-06-29 02:00:48.774 PM] info: 	incoming-request
[2025-06-29 02:00:53.030 PM] info: 	incoming-request
[2025-06-29 02:00:53.031 PM] info: 	incoming-request
[2025-06-29 02:01:08.221 PM] info: 	incoming-request
[2025-06-29 02:01:08.222 PM] info: 	incoming-request
[2025-06-29 02:01:35.865 PM] info: 	incoming-request
[2025-06-29 02:01:35.867 PM] info: 	incoming-request
[2025-06-29 02:01:55.665 PM] info: 	incoming-request
[2025-06-29 02:01:55.666 PM] info: 	incoming-request
[2025-06-29 02:02:12.907 PM] info: 	incoming-request
[2025-06-29 02:02:13.052 PM] info: 	incoming-request
[2025-06-29 02:02:20.972 PM] info: 	incoming-request
[2025-06-29 02:02:20.974 PM] info: 	incoming-request
[2025-06-29 02:02:26.964 PM] info: 	incoming-request
[2025-06-29 02:02:26.967 PM] info: 	incoming-request
[2025-06-29 02:02:33.688 PM] info: 	incoming-request
[2025-06-29 02:02:33.696 PM] info: 	incoming-request
[2025-06-29 02:08:54.093 PM] info: 	incoming-request
[2025-06-29 02:08:54.100 PM] info: 	incoming-request
[2025-06-29 02:27:13.644 PM] info: 	incoming-request
[2025-06-29 02:27:13.674 PM] info: 	incoming-request
[2025-06-29 02:27:48.644 PM] error: 	Resource not found
[2025-06-29 02:27:48.645 PM] info: 	incoming-request
[2025-06-29 02:27:50.585 PM] error: 	Resource not found
[2025-06-29 02:27:50.585 PM] info: 	incoming-request
[2025-06-29 02:28:00.487 PM] error: 	Resource not found
[2025-06-29 02:28:00.487 PM] info: 	incoming-request
[2025-06-29 02:29:11.687 PM] error: 	Resource not found
[2025-06-29 02:29:11.694 PM] info: 	incoming-request
[2025-06-29 02:29:42.332 PM] info: 	incoming-request
[2025-06-29 02:29:42.356 PM] info: 	incoming-request
[2025-06-29 02:29:59.279 PM] info: 	incoming-request
[2025-06-29 02:29:59.287 PM] info: 	incoming-request
[2025-06-29 02:30:07.398 PM] info: 	incoming-request
[2025-06-29 02:30:07.415 PM] info: 	incoming-request
[2025-06-29 02:30:25.832 PM] info: 	incoming-request
[2025-06-29 02:32:07.273 PM] info: 	incoming-request
[2025-06-29 02:32:07.275 PM] info: 	incoming-request
[2025-06-29 02:32:51.828 PM] info: 	incoming-request
[2025-06-29 02:32:51.869 PM] info: 	incoming-request
[2025-06-29 02:32:55.436 PM] info: 	incoming-request
[2025-06-29 02:32:55.448 PM] info: 	incoming-request
[2025-06-29 02:33:27.327 PM] info: 	incoming-request
[2025-06-29 02:33:27.333 PM] info: 	incoming-request
[2025-06-29 02:33:41.384 PM] info: 	incoming-request
[2025-06-29 02:33:41.386 PM] info: 	incoming-request
[2025-06-29 02:33:51.663 PM] info: 	incoming-request
[2025-06-29 02:33:51.667 PM] info: 	incoming-request
[2025-06-29 02:33:53.346 PM] info: 	incoming-request
[2025-06-29 02:33:53.348 PM] info: 	incoming-request
[2025-06-29 02:34:23.712 PM] error: 	Cast to [string] failed for value "[\n' +
  '  {\n' +
  "    option: 'A collection of molecules rigidly arranged and held by strong cohesive forces.',\n" +
  '    is_correct: false\n' +
  '  },\n' +
  '  {\n' +
  "    option: 'A collection of molecules that are randomly arranged and held together by weak cohesive forces and by forces exerted by container walls.',\n" +
  '    is_correct: true\n' +
  '  },\n' +
  '  {\n' +
  "    option: 'Any substance that can flow, including only liquids.',\n" +
  '    is_correct: false\n' +
  '  },\n' +
  '  {\n' +
  "    option: 'A substance that maintains a fixed shape but can change volume.',\n" +
  '    is_correct: false\n' +
  '  }\n' +
  ']" (type string) at path "options.0" because of "CastError"
[2025-06-29 02:34:23.713 PM] info: 	incoming-request
[2025-06-29 02:34:50.321 PM] info: 	incoming-request
[2025-06-29 02:34:50.322 PM] info: 	incoming-request
[2025-06-29 02:35:34.286 PM] info: 	incoming-request
[2025-06-29 02:35:34.288 PM] info: 	incoming-request
[2025-06-29 02:40:52.744 PM] info: 	incoming-request
[2025-06-29 02:40:54.425 PM] info: 	incoming-request
[2025-06-29 02:41:21.837 PM] info: 	incoming-request
[2025-06-29 02:41:43.518 PM] info: 	incoming-request
[2025-06-29 02:41:43.521 PM] info: 	incoming-request
[2025-06-29 02:42:21.196 PM] info: 	incoming-request
[2025-06-29 02:42:23.221 PM] info: 	incoming-request
[2025-06-29 02:44:33.073 PM] info: 	incoming-request
[2025-06-29 02:44:33.083 PM] info: 	incoming-request
[2025-06-29 02:45:11.896 PM] info: 	incoming-request
[2025-06-29 02:45:11.898 PM] info: 	incoming-request
[2025-06-29 02:45:46.919 PM] info: 	incoming-request
[2025-06-29 02:45:47.639 PM] info: 	incoming-request
[2025-06-29 02:49:13.771 PM] info: 	incoming-request
[2025-06-29 02:49:13.918 PM] info: 	incoming-request
[2025-06-29 02:49:20.609 PM] info: 	incoming-request
[2025-06-29 02:49:21.220 PM] info: 	incoming-request
[2025-06-29 02:49:55.734 PM] info: 	incoming-request
[2025-06-29 02:49:55.738 PM] info: 	incoming-request
[2025-06-29 02:52:35.775 PM] info: 	incoming-request
[2025-06-29 02:52:36.176 PM] info: 	incoming-request
[2025-06-29 02:52:42.731 PM] info: 	incoming-request
[2025-06-29 02:52:42.737 PM] info: 	incoming-request
[2025-06-29 02:53:18.731 PM] info: 	incoming-request
[2025-06-29 02:53:18.742 PM] info: 	incoming-request
[2025-06-29 02:54:09.360 PM] info: 	incoming-request
[2025-06-29 02:54:09.363 PM] info: 	incoming-request
[2025-06-29 02:55:03.422 PM] info: 	incoming-request
[2025-06-29 02:55:07.928 PM] info: 	incoming-request
[2025-06-29 02:55:07.934 PM] info: 	incoming-request
[2025-06-29 02:55:11.512 PM] info: 	incoming-request
[2025-06-29 02:55:11.515 PM] info: 	incoming-request
[2025-06-29 02:56:27.074 PM] info: 	incoming-request
[2025-06-29 02:56:29.009 PM] info: 	incoming-request
[2025-06-29 02:56:29.010 PM] info: 	incoming-request
[2025-06-29 02:57:17.456 PM] info: 	incoming-request
[2025-06-29 02:57:17.551 PM] info: 	incoming-request
[2025-06-29 02:57:17.557 PM] info: 	incoming-request
[2025-06-29 02:57:29.637 PM] info: 	incoming-request
[2025-06-29 02:57:29.638 PM] info: 	incoming-request
[2025-06-29 02:57:29.642 PM] info: 	incoming-request
[2025-06-29 02:57:37.830 PM] info: 	incoming-request
[2025-06-29 02:57:37.831 PM] info: 	incoming-request
[2025-06-29 02:57:37.833 PM] info: 	incoming-request
[2025-06-29 02:58:13.658 PM] info: 	incoming-request
[2025-06-29 02:58:13.659 PM] info: 	incoming-request
[2025-06-29 02:58:13.660 PM] info: 	incoming-request
[2025-06-29 02:58:17.252 PM] info: 	incoming-request
[2025-06-29 02:58:17.253 PM] info: 	incoming-request
[2025-06-29 02:58:17.255 PM] info: 	incoming-request
[2025-06-29 02:58:20.947 PM] info: 	incoming-request
[2025-06-29 02:58:20.949 PM] info: 	incoming-request
[2025-06-29 02:58:20.952 PM] info: 	incoming-request
[2025-06-29 02:59:54.600 PM] info: 	incoming-request
[2025-06-29 02:59:54.601 PM] info: 	incoming-request
[2025-06-29 02:59:54.603 PM] info: 	incoming-request
[2025-06-29 02:59:57.800 PM] info: 	incoming-request
[2025-06-29 03:02:43.783 PM] info: 	incoming-request
[2025-06-29 03:02:43.788 PM] info: 	incoming-request
[2025-06-29 03:02:50.209 PM] info: 	incoming-request
[2025-06-29 03:02:50.220 PM] info: 	incoming-request
[2025-06-29 03:02:57.201 PM] info: 	incoming-request
[2025-06-29 03:02:57.204 PM] info: 	incoming-request
[2025-06-29 03:03:55.447 PM] info: 	incoming-request
[2025-06-29 03:03:55.450 PM] info: 	incoming-request
[2025-06-29 03:04:43.996 PM] info: 	incoming-request
[2025-06-29 03:04:44.030 PM] info: 	incoming-request
[2025-06-29 03:04:53.417 PM] info: 	incoming-request
[2025-06-29 03:04:53.420 PM] info: 	incoming-request
[2025-06-29 03:05:35.194 PM] info: 	incoming-request
[2025-06-29 03:05:35.197 PM] info: 	incoming-request
[2025-06-29 03:06:19.838 PM] info: 	incoming-request
[2025-06-29 03:06:54.853 PM] info: 	incoming-request
[2025-06-29 03:06:54.859 PM] info: 	incoming-request
[2025-06-29 03:08:07.967 PM] info: 	incoming-request
[2025-06-29 03:08:08.012 PM] info: 	incoming-request
[2025-06-29 03:08:23.426 PM] info: 	incoming-request
[2025-06-29 03:08:23.432 PM] info: 	incoming-request
[2025-06-29 03:09:25.474 PM] info: 	incoming-request
[2025-06-29 03:09:25.480 PM] info: 	incoming-request
[2025-06-29 03:09:53.227 PM] info: 	incoming-request
[2025-06-29 03:09:53.229 PM] info: 	incoming-request
[2025-06-29 03:11:10.638 PM] info: 	incoming-request
[2025-06-29 03:11:10.649 PM] info: 	incoming-request
[2025-06-29 03:11:13.633 PM] info: 	incoming-request
[2025-06-29 03:11:13.636 PM] info: 	incoming-request
[2025-06-29 03:11:14.437 PM] info: 	incoming-request
[2025-06-29 03:11:14.440 PM] info: 	incoming-request
[2025-06-29 03:11:41.424 PM] info: 	incoming-request
[2025-06-29 03:11:41.427 PM] info: 	incoming-request
[2025-06-29 03:11:42.691 PM] info: 	incoming-request
[2025-06-29 03:11:42.694 PM] info: 	incoming-request
[2025-06-29 03:12:13.419 PM] info: 	incoming-request
[2025-06-29 03:12:13.426 PM] info: 	incoming-request
[2025-06-29 03:14:09.637 PM] info: 	incoming-request
[2025-06-29 03:14:10.010 PM] info: 	incoming-request
[2025-06-29 03:15:50.215 PM] info: 	incoming-request
[2025-06-29 03:15:50.277 PM] info: 	incoming-request
[2025-06-29 03:16:34.724 PM] info: 	incoming-request
[2025-06-29 03:16:34.727 PM] info: 	incoming-request
[2025-06-29 03:16:38.767 PM] info: 	incoming-request
[2025-06-29 03:16:38.770 PM] info: 	incoming-request
[2025-06-29 03:16:47.152 PM] info: 	incoming-request
[2025-06-29 03:16:49.841 PM] info: 	incoming-request
[2025-06-29 03:16:50.187 PM] info: 	incoming-request
[2025-06-29 03:16:55.576 PM] info: 	incoming-request
[2025-06-29 03:16:55.594 PM] info: 	incoming-request
[2025-06-29 03:16:55.882 PM] info: 	incoming-request
[2025-06-29 03:16:58.374 PM] info: 	incoming-request
[2025-06-29 03:16:58.734 PM] info: 	incoming-request
[2025-06-29 03:16:58.859 PM] info: 	incoming-request
[2025-06-29 03:20:00.384 PM] info: 	incoming-request
[2025-06-29 03:25:57.614 PM] info: 	incoming-request
[2025-06-29 03:25:57.631 PM] info: 	incoming-request
[2025-06-29 03:26:11.333 PM] info: 	incoming-request
[2025-06-29 03:26:11.335 PM] info: 	incoming-request
[2025-06-29 03:26:11.983 PM] info: 	incoming-request
[2025-06-29 03:27:04.857 PM] info: 	incoming-request
[2025-06-29 03:27:04.862 PM] info: 	incoming-request
[2025-06-29 03:27:06.117 PM] info: 	incoming-request
[2025-06-29 03:27:06.120 PM] info: 	incoming-request
[2025-06-29 03:27:06.408 PM] info: 	incoming-request
[2025-06-29 03:27:06.715 PM] info: 	incoming-request
[2025-06-29 03:27:06.719 PM] info: 	incoming-request
[2025-06-29 03:28:50.291 PM] info: 	incoming-request
[2025-06-29 03:28:50.309 PM] info: 	incoming-request
[2025-06-29 03:29:23.960 PM] info: 	incoming-request
[2025-06-29 03:29:23.964 PM] info: 	incoming-request
[2025-06-29 03:30:04.780 PM] info: 	incoming-request
[2025-06-29 03:30:04.785 PM] info: 	incoming-request
[2025-06-29 03:30:05.740 PM] info: 	incoming-request
[2025-06-29 03:30:52.527 PM] info: 	incoming-request
[2025-06-29 03:31:04.544 PM] info: 	incoming-request
[2025-06-29 03:31:05.055 PM] info: 	incoming-request
[2025-06-29 03:33:15.395 PM] info: 	incoming-request
[2025-06-29 03:33:16.843 PM] info: 	incoming-request
[2025-06-29 03:33:42.767 PM] info: 	incoming-request
[2025-06-29 03:33:42.949 PM] info: 	incoming-request
[2025-06-29 03:35:04.946 PM] info: 	incoming-request
[2025-06-29 03:35:04.948 PM] info: 	incoming-request
[2025-06-29 03:36:02.921 PM] info: 	incoming-request
[2025-06-29 03:36:02.987 PM] info: 	incoming-request
[2025-06-29 03:36:34.677 PM] info: 	incoming-request
[2025-06-29 03:36:34.680 PM] info: 	incoming-request
[2025-06-29 03:36:37.405 PM] info: 	incoming-request
[2025-06-29 03:36:37.753 PM] info: 	incoming-request
[2025-06-29 03:36:40.898 PM] info: 	incoming-request
[2025-06-29 03:36:40.915 PM] info: 	incoming-request
[2025-06-29 03:36:43.966 PM] info: 	incoming-request
[2025-06-29 03:36:44.340 PM] info: 	incoming-request
[2025-06-29 03:36:49.733 PM] info: 	incoming-request
[2025-06-29 03:36:49.736 PM] info: 	incoming-request
[2025-06-29 03:36:57.856 PM] info: 	incoming-request
[2025-06-29 03:36:57.986 PM] info: 	incoming-request
[2025-06-29 03:38:50.204 PM] error: 	Duplicate field value entered
[2025-06-29 03:38:50.205 PM] info: 	incoming-request
[2025-06-29 03:38:51.949 PM] error: 	Duplicate field value entered
[2025-06-29 03:38:51.950 PM] info: 	incoming-request
[2025-06-29 03:38:54.150 PM] info: 	incoming-request
[2025-06-29 03:38:54.166 PM] info: 	incoming-request
[2025-06-29 03:39:10.729 PM] info: 	incoming-request
[2025-06-29 03:39:10.733 PM] info: 	incoming-request
[2025-06-29 03:39:15.605 PM] info: 	incoming-request
[2025-06-29 03:39:15.609 PM] info: 	incoming-request
[2025-06-29 03:39:18.701 PM] info: 	incoming-request
[2025-06-29 03:39:18.705 PM] info: 	incoming-request
[2025-06-29 03:39:47.873 PM] info: 	incoming-request
[2025-06-29 03:39:47.889 PM] info: 	incoming-request
[2025-06-29 03:39:55.003 PM] info: 	incoming-request
[2025-06-29 03:39:55.124 PM] info: 	incoming-request
[2025-06-29 03:40:15.666 PM] info: 	incoming-request
[2025-06-29 03:40:41.422 PM] error: 	Duplicate field value entered
[2025-06-29 03:40:41.422 PM] info: 	incoming-request
[2025-06-29 03:41:09.359 PM] info: 	incoming-request
[2025-06-29 03:41:09.639 PM] info: 	incoming-request
[2025-06-29 03:41:18.628 PM] info: 	incoming-request
[2025-06-29 03:41:18.736 PM] info: 	incoming-request
[2025-06-29 03:41:19.005 PM] info: 	incoming-request
[2025-06-29 03:41:21.473 PM] info: 	incoming-request
[2025-06-29 03:41:21.489 PM] info: 	incoming-request
[2025-06-29 03:41:30.488 PM] info: 	incoming-request
[2025-06-29 03:41:30.629 PM] info: 	incoming-request
[2025-06-29 03:41:30.642 PM] info: 	incoming-request
[2025-06-29 03:41:37.008 PM] info: 	incoming-request
[2025-06-29 03:43:09.879 PM] info: 	incoming-request
[2025-06-29 03:43:18.874 PM] info: 	incoming-request
[2025-06-29 03:43:18.882 PM] info: 	incoming-request
[2025-06-29 03:43:19.197 PM] info: 	incoming-request
[2025-06-29 03:43:23.019 PM] info: 	incoming-request
[2025-06-29 03:43:23.331 PM] info: 	incoming-request
[2025-06-29 03:43:39.297 PM] info: 	incoming-request
[2025-06-29 03:43:39.330 PM] info: 	incoming-request
[2025-06-29 03:44:45.895 PM] info: 	incoming-request
[2025-06-29 03:44:45.922 PM] info: 	incoming-request
[2025-06-29 03:46:55.933 PM] info: 	incoming-request
[2025-06-29 03:46:56.280 PM] info: 	incoming-request
[2025-06-29 03:47:39.236 PM] info: 	incoming-request
[2025-06-29 03:47:39.248 PM] info: 	incoming-request
[2025-06-29 03:48:27.117 PM] info: 	incoming-request
[2025-06-29 03:48:27.155 PM] info: 	incoming-request
[2025-06-29 03:49:06.534 PM] info: 	incoming-request
[2025-06-29 03:49:07.006 PM] info: 	incoming-request
[2025-06-29 03:51:02.508 PM] info: 	incoming-request
[2025-06-29 03:51:02.765 PM] info: 	incoming-request
[2025-06-29 03:51:05.534 PM] info: 	incoming-request
[2025-06-29 03:51:05.561 PM] info: 	incoming-request
[2025-06-29 03:51:09.370 PM] info: 	incoming-request
[2025-06-29 03:51:09.374 PM] info: 	incoming-request
[2025-06-29 03:51:11.416 PM] info: 	incoming-request
[2025-06-29 03:51:11.417 PM] info: 	incoming-request
[2025-06-29 03:51:14.284 PM] info: 	incoming-request
[2025-06-29 03:51:14.322 PM] info: 	incoming-request
[2025-06-29 03:51:42.931 PM] info: 	incoming-request
[2025-06-29 03:51:49.467 PM] info: 	incoming-request
[2025-06-29 03:51:49.990 PM] info: 	incoming-request
[2025-06-29 03:51:55.221 PM] info: 	incoming-request
[2025-06-29 03:51:55.715 PM] info: 	incoming-request
[2025-06-29 03:51:59.912 PM] info: 	incoming-request
[2025-06-29 03:51:59.918 PM] info: 	incoming-request
[2025-06-29 03:52:00.205 PM] info: 	incoming-request
[2025-06-29 03:52:03.617 PM] info: 	incoming-request
[2025-06-29 03:52:03.640 PM] info: 	incoming-request
[2025-06-29 03:52:03.776 PM] info: 	incoming-request
[2025-06-29 03:52:27.978 PM] info: 	incoming-request
[2025-06-29 03:52:28.032 PM] info: 	incoming-request
[2025-06-29 03:52:28.141 PM] info: 	incoming-request
[2025-06-29 03:55:26.706 PM] info: 	incoming-request
[2025-06-29 03:55:26.726 PM] info: 	incoming-request
[2025-06-29 03:55:26.848 PM] info: 	incoming-request
[2025-06-29 03:57:38.207 PM] info: 	incoming-request
[2025-06-29 03:58:37.219 PM] info: 	incoming-request
[2025-06-29 03:58:37.240 PM] info: 	incoming-request
[2025-06-29 03:59:55.232 PM] info: 	incoming-request
[2025-06-29 03:59:55.257 PM] info: 	incoming-request
[2025-06-29 04:03:20.702 PM] info: 	incoming-request
[2025-06-29 04:03:20.706 PM] info: 	incoming-request
[2025-06-29 04:03:53.729 PM] info: 	incoming-request
[2025-06-29 04:03:53.751 PM] info: 	incoming-request
[2025-06-29 04:05:55.394 PM] info: 	incoming-request
[2025-06-29 04:05:55.839 PM] info: 	incoming-request
[2025-06-29 04:06:04.139 PM] info: 	incoming-request
[2025-06-29 04:06:04.608 PM] info: 	incoming-request
[2025-06-29 04:06:14.461 PM] info: 	incoming-request
[2025-06-29 04:06:14.659 PM] info: 	incoming-request
[2025-06-29 04:06:24.205 PM] info: 	incoming-request
[2025-06-29 04:06:24.209 PM] info: 	incoming-request
[2025-06-29 04:06:33.351 PM] info: 	incoming-request
[2025-06-29 04:06:33.938 PM] info: 	incoming-request
[2025-06-29 04:06:37.915 PM] info: 	incoming-request
[2025-06-29 04:07:30.925 PM] info: 	incoming-request
[2025-06-29 04:07:31.601 PM] info: 	incoming-request
[2025-06-29 04:07:31.611 PM] info: 	incoming-request
[2025-06-29 04:07:39.310 PM] info: 	incoming-request
[2025-06-29 04:07:40.032 PM] info: 	incoming-request
[2025-06-29 04:07:40.561 PM] info: 	incoming-request
[2025-06-29 04:08:42.322 PM] info: 	incoming-request
[2025-06-29 04:08:42.533 PM] info: 	incoming-request
[2025-06-29 04:08:42.698 PM] info: 	incoming-request
[2025-06-29 04:09:55.799 PM] info: 	incoming-request
[2025-06-29 04:09:56.083 PM] info: 	incoming-request
[2025-06-29 04:09:56.699 PM] info: 	incoming-request
[2025-06-29 04:10:58.618 PM] info: 	incoming-request
[2025-06-29 04:10:58.823 PM] info: 	incoming-request
[2025-06-29 04:10:59.334 PM] info: 	incoming-request
[2025-06-29 04:11:22.670 PM] info: 	incoming-request
[2025-06-29 04:11:29.402 PM] info: 	incoming-request
[2025-06-29 04:11:29.747 PM] info: 	incoming-request
[2025-06-29 04:11:39.401 PM] info: 	incoming-request
[2025-06-29 04:11:39.409 PM] info: 	incoming-request
[2025-06-29 04:11:39.883 PM] info: 	incoming-request
[2025-06-29 04:11:43.475 PM] info: 	incoming-request
[2025-06-29 04:11:43.480 PM] info: 	incoming-request
[2025-07-04 03:49:47.264 AM] info: 	incoming-request
[2025-07-04 03:51:06.960 AM] info: 	incoming-request
[2025-07-04 03:51:09.112 AM] info: 	incoming-request
[2025-07-04 03:58:48.306 AM] error: 	Duplicate field value entered
[2025-07-04 03:58:48.309 AM] info: 	incoming-request
[2025-07-04 03:59:20.668 AM] error: 	Duplicate field value entered
[2025-07-04 03:59:20.671 AM] info: 	incoming-request
[2025-07-04 03:59:51.311 AM] error: 	Request failed with status code 500
[2025-07-04 03:59:51.313 AM] info: 	incoming-request
[2025-07-04 04:01:46.319 AM] error: 	Duplicate field value entered
[2025-07-04 04:01:46.323 AM] info: 	incoming-request
[2025-07-04 04:02:41.593 AM] error: 	Request failed with status code 500
[2025-07-04 04:02:41.599 AM] info: 	incoming-request
[2025-07-04 04:03:02.933 AM] info: 	incoming-request
[2025-07-04 04:03:05.196 AM] info: 	incoming-request
[2025-07-04 04:03:11.116 AM] info: 	incoming-request
[2025-07-04 04:03:13.476 AM] info: 	incoming-request
[2025-07-04 04:04:30.267 AM] info: 	incoming-request
[2025-07-04 04:04:31.445 AM] info: 	incoming-request
[2025-07-04 04:05:00.069 AM] info: 	incoming-request
[2025-07-04 04:05:02.942 AM] info: 	incoming-request
[2025-07-04 04:05:22.297 AM] info: 	incoming-request
[2025-07-04 04:05:23.933 AM] info: 	incoming-request
[2025-07-04 04:08:51.029 AM] info: 	incoming-request
[2025-07-04 04:09:25.895 AM] info: 	incoming-request
[2025-07-04 04:09:26.372 AM] info: 	incoming-request
[2025-07-04 04:09:32.511 AM] info: 	incoming-request
[2025-07-04 04:09:32.809 AM] info: 	incoming-request
[2025-07-04 04:09:33.479 AM] info: 	incoming-request
[2025-07-04 04:10:28.354 AM] info: 	incoming-request
[2025-07-04 04:10:34.136 AM] info: 	incoming-request
[2025-07-04 04:10:34.462 AM] info: 	incoming-request
[2025-07-04 04:10:37.059 AM] info: 	incoming-request
[2025-07-04 04:11:16.090 AM] info: 	incoming-request
[2025-07-04 04:11:52.020 AM] info: 	incoming-request
[2025-07-04 04:11:52.026 AM] info: 	incoming-request
[2025-07-04 04:11:52.342 AM] info: 	incoming-request
[2025-07-04 04:11:58.354 AM] info: 	incoming-request
[2025-07-04 04:11:58.713 AM] info: 	incoming-request
[2025-07-04 04:12:00.700 AM] info: 	incoming-request
[2025-07-04 04:12:01.063 AM] info: 	incoming-request
[2025-07-04 04:12:05.951 AM] info: 	incoming-request
[2025-07-04 04:12:05.952 AM] info: 	incoming-request
[2025-07-04 04:13:01.458 AM] info: 	incoming-request
[2025-07-04 04:13:01.974 AM] info: 	incoming-request
[2025-07-04 04:13:39.448 AM] info: 	incoming-request
[2025-07-04 04:13:39.453 AM] info: 	incoming-request
[2025-07-04 04:14:05.940 AM] info: 	incoming-request
[2025-07-04 04:14:06.265 AM] info: 	incoming-request
[2025-07-04 04:15:17.136 AM] info: 	incoming-request
[2025-07-04 04:15:20.617 AM] info: 	incoming-request
[2025-07-04 04:15:20.619 AM] info: 	incoming-request
[2025-07-04 04:15:20.984 AM] info: 	incoming-request
[2025-07-04 04:15:25.381 AM] info: 	incoming-request
[2025-07-04 04:15:25.384 AM] info: 	incoming-request
[2025-07-04 04:15:54.922 AM] info: 	incoming-request
[2025-07-04 04:15:55.336 AM] info: 	incoming-request
[2025-07-04 04:16:07.313 AM] info: 	incoming-request
[2025-07-04 04:16:07.320 AM] info: 	incoming-request
[2025-07-04 04:20:29.188 AM] info: 	incoming-request
[2025-07-04 04:20:29.199 AM] info: 	incoming-request
[2025-07-04 04:38:58.861 AM] info: 	incoming-request
[2025-07-04 04:38:59.701 AM] info: 	incoming-request
[2025-07-04 04:40:58.680 AM] info: 	incoming-request
[2025-07-04 04:40:59.725 AM] info: 	incoming-request
[2025-07-04 04:49:01.821 AM] info: 	incoming-request
[2025-07-04 04:49:01.826 AM] info: 	incoming-request
[2025-07-06 11:30:07.806 AM] info: 	incoming-request
[2025-07-06 11:30:23.642 AM] info: 	incoming-request
[2025-07-06 11:30:24.128 AM] info: 	incoming-request
[2025-07-06 11:30:31.935 AM] info: 	incoming-request
[2025-07-06 11:30:31.938 AM] info: 	incoming-request
[2025-07-06 11:30:32.828 AM] info: 	incoming-request
[2025-07-06 11:31:18.361 AM] info: 	incoming-request
[2025-07-06 11:31:48.098 AM] info: 	incoming-request
[2025-07-06 11:31:50.769 AM] info: 	incoming-request
[2025-07-06 11:32:09.910 AM] info: 	incoming-request
[2025-07-06 11:32:10.427 AM] info: 	incoming-request
[2025-07-06 11:32:17.565 AM] info: 	incoming-request
[2025-07-06 11:32:55.504 AM] info: 	incoming-request
[2025-07-06 11:32:57.061 AM] info: 	incoming-request
[2025-07-06 11:33:00.021 AM] info: 	incoming-request
[2025-07-06 11:33:00.746 AM] info: 	incoming-request
[2025-07-06 11:33:05.876 AM] info: 	incoming-request
[2025-07-06 11:33:06.458 AM] info: 	incoming-request
[2025-07-06 11:33:18.350 AM] info: 	incoming-request
[2025-07-06 11:33:18.968 AM] info: 	incoming-request
[2025-07-06 11:33:54.363 AM] info: 	incoming-request
[2025-07-06 11:33:55.493 AM] info: 	incoming-request
[2025-07-06 11:33:56.579 AM] info: 	incoming-request
[2025-07-06 11:33:58.122 AM] info: 	incoming-request
[2025-07-06 11:34:19.227 AM] info: 	incoming-request
[2025-07-06 11:34:20.828 AM] info: 	incoming-request
[2025-07-06 11:34:26.085 AM] info: 	incoming-request
[2025-07-06 11:34:26.755 AM] info: 	incoming-request
[2025-07-06 11:34:27.232 AM] info: 	incoming-request
[2025-07-06 11:34:42.843 AM] info: 	incoming-request
[2025-07-06 11:34:44.306 AM] info: 	incoming-request
[2025-07-06 11:34:46.149 AM] info: 	incoming-request
[2025-07-06 11:34:56.414 AM] info: 	incoming-request
[2025-07-06 11:34:56.420 AM] info: 	incoming-request
[2025-07-06 11:34:56.924 AM] info: 	incoming-request
[2025-07-06 11:35:30.108 AM] info: 	incoming-request
[2025-07-06 11:35:30.978 AM] info: 	incoming-request
[2025-07-06 11:35:32.197 AM] info: 	incoming-request
[2025-07-06 11:35:45.289 AM] info: 	incoming-request
[2025-07-06 11:35:49.988 AM] error: 	Resource not found
[2025-07-06 11:35:49.989 AM] info: 	incoming-request
[2025-07-06 11:35:49.998 AM] error: 	Resource not found
[2025-07-06 11:35:49.999 AM] info: 	incoming-request
[2025-07-06 11:35:50.958 AM] info: 	incoming-request
[2025-07-06 11:35:53.018 AM] info: 	incoming-request
[2025-07-06 11:35:55.179 AM] info: 	incoming-request
[2025-07-06 11:35:55.836 AM] info: 	incoming-request
[2025-07-06 11:36:05.288 AM] info: 	incoming-request
[2025-07-06 11:36:05.290 AM] info: 	incoming-request
[2025-07-06 11:36:06.234 AM] info: 	incoming-request
[2025-07-06 11:36:09.259 AM] info: 	incoming-request
[2025-07-06 11:36:10.387 AM] info: 	incoming-request
[2025-07-06 11:36:10.626 AM] info: 	incoming-request
[2025-07-06 11:39:34.044 AM] info: 	incoming-request
[2025-07-06 11:39:41.944 AM] error: 	Resource not found
[2025-07-06 11:39:41.945 AM] info: 	incoming-request
[2025-07-06 11:39:41.951 AM] error: 	Resource not found
[2025-07-06 11:39:41.952 AM] info: 	incoming-request
[2025-07-06 11:39:43.729 AM] info: 	incoming-request
[2025-07-06 11:39:44.340 AM] info: 	incoming-request
[2025-07-06 11:39:52.836 AM] info: 	incoming-request
[2025-07-06 11:39:53.395 AM] info: 	incoming-request
[2025-07-06 11:46:09.339 AM] info: 	incoming-request
[2025-07-06 11:46:11.542 AM] info: 	incoming-request
[2025-07-06 11:46:18.723 AM] info: 	incoming-request
[2025-07-06 11:46:19.539 AM] info: 	incoming-request
[2025-07-06 11:47:42.341 AM] info: 	incoming-request
[2025-07-06 11:47:45.001 AM] info: 	incoming-request
[2025-07-06 11:49:01.489 AM] info: 	incoming-request
[2025-07-06 11:49:01.490 AM] info: 	incoming-request
[2025-07-06 11:49:02.468 AM] info: 	incoming-request
[2025-07-06 11:49:16.198 AM] info: 	incoming-request
[2025-07-06 11:49:20.405 AM] info: 	incoming-request
[2025-07-06 11:49:20.776 AM] info: 	incoming-request
[2025-07-06 11:50:23.796 AM] info: 	incoming-request
[2025-07-06 11:50:24.845 AM] info: 	incoming-request
[2025-07-06 11:54:46.584 AM] info: 	incoming-request
[2025-07-06 11:55:29.272 AM] info: 	incoming-request
[2025-07-06 11:55:29.610 AM] info: 	incoming-request
[2025-07-06 11:55:39.617 AM] info: 	incoming-request
[2025-07-06 11:55:39.638 AM] info: 	incoming-request
[2025-07-06 11:55:39.935 AM] info: 	incoming-request
[2025-07-06 11:55:39.942 AM] info: 	incoming-request
[2025-07-06 11:55:46.416 AM] info: 	incoming-request
[2025-07-06 11:55:46.452 AM] info: 	incoming-request
[2025-07-06 11:55:46.708 AM] info: 	incoming-request
[2025-07-06 11:55:50.258 AM] info: 	incoming-request
[2025-07-06 11:55:50.501 AM] info: 	incoming-request
[2025-07-06 11:55:50.568 AM] info: 	incoming-request
[2025-07-06 11:59:51.614 AM] info: 	incoming-request
[2025-07-06 12:11:17.620 PM] info: 	incoming-request
[2025-07-06 12:11:17.634 PM] info: 	incoming-request
[2025-07-06 12:12:10.239 PM] info: 	incoming-request
[2025-07-06 12:12:10.252 PM] info: 	incoming-request
[2025-07-06 12:12:13.634 PM] info: 	incoming-request
[2025-07-06 12:12:13.644 PM] info: 	incoming-request
[2025-07-06 12:12:21.540 PM] info: 	incoming-request
[2025-07-06 12:12:21.544 PM] info: 	incoming-request
[2025-07-06 12:14:54.811 PM] info: 	incoming-request
[2025-07-06 12:14:54.821 PM] info: 	incoming-request
[2025-07-06 12:15:25.539 PM] info: 	incoming-request
[2025-07-06 12:15:25.543 PM] info: 	incoming-request
[2025-07-06 12:16:10.603 PM] info: 	incoming-request
[2025-07-06 12:16:14.043 PM] info: 	incoming-request
[2025-07-06 12:16:31.956 PM] info: 	incoming-request
[2025-07-06 12:16:32.281 PM] info: 	incoming-request
[2025-07-06 12:16:33.160 PM] info: 	incoming-request
[2025-07-06 12:16:34.415 PM] error: 	Resource not found
[2025-07-06 12:16:34.417 PM] info: 	incoming-request
[2025-07-06 12:16:34.423 PM] error: 	Resource not found
[2025-07-06 12:16:34.425 PM] info: 	incoming-request
[2025-07-06 12:16:35.393 PM] info: 	incoming-request
[2025-07-06 12:16:35.887 PM] info: 	incoming-request
[2025-07-06 12:16:41.699 PM] info: 	incoming-request
[2025-07-06 12:16:44.032 PM] info: 	incoming-request
[2025-07-06 12:16:46.871 PM] info: 	incoming-request
[2025-07-06 12:16:46.874 PM] info: 	incoming-request
[2025-07-06 12:17:13.756 PM] info: 	incoming-request
[2025-07-06 12:17:24.487 PM] info: 	incoming-request
[2025-07-06 12:17:27.211 PM] info: 	incoming-request
[2025-07-06 12:17:27.446 PM] info: 	incoming-request
[2025-07-06 12:17:54.179 PM] info: 	incoming-request
[2025-07-06 12:17:54.182 PM] info: 	incoming-request
[2025-07-06 12:22:46.730 PM] error: 	Request failed with status code 500
[2025-07-06 12:22:46.731 PM] info: 	incoming-request
[2025-07-06 12:29:00.370 PM] info: 	incoming-request
[2025-07-06 12:29:08.077 PM] info: 	incoming-request
[2025-07-06 12:29:08.949 PM] info: 	incoming-request
[2025-07-06 12:33:11.540 PM] info: 	incoming-request
[2025-07-06 12:33:13.575 PM] info: 	incoming-request
[2025-07-06 12:33:26.052 PM] info: 	incoming-request
[2025-07-06 12:34:47.359 PM] info: 	incoming-request
[2025-07-06 12:34:50.604 PM] info: 	incoming-request
[2025-07-06 12:34:56.748 PM] info: 	incoming-request
[2025-07-06 12:34:56.756 PM] info: 	incoming-request
[2025-07-06 12:34:59.360 PM] info: 	incoming-request
[2025-07-06 12:34:59.634 PM] info: 	incoming-request
[2025-07-06 12:36:49.753 PM] info: 	incoming-request
[2025-07-06 12:36:50.053 PM] info: 	incoming-request
[2025-07-27 07:43:45.530 PM] info: 	incoming-request
[2025-07-27 07:46:27.709 PM] error: 	unauthorized access, only for admin
[2025-07-27 07:46:27.711 PM] info: 	incoming-request
[2025-07-27 10:07:20.805 PM] info: 	incoming-request
[2025-07-27 10:09:02.805 PM] error: 	Path `organizationId` is required.
[2025-07-27 10:09:02.807 PM] info: 	incoming-request
[2025-07-27 10:26:25.391 PM] error: 	Path `organizationId` is required.
[2025-07-27 10:26:25.393 PM] info: 	incoming-request
[2025-07-27 10:32:11.754 PM] error: 	Path `organizationId` is required.
[2025-07-27 10:32:11.756 PM] info: 	incoming-request
[2025-07-27 10:37:02.368 PM] error: 	Path `organizationId` is required.
[2025-07-27 10:37:02.386 PM] info: 	incoming-request
[2025-07-27 10:38:41.100 PM] info: 	incoming-request
[2025-07-27 10:39:01.097 PM] info: 	incoming-request
[2025-07-27 10:45:27.624 PM] info: 	incoming-request
[2025-07-27 11:02:25.806 PM] info: 	incoming-request
[2025-07-27 11:03:25.499 PM] info: 	incoming-request
[2025-07-27 11:05:11.892 PM] info: 	incoming-request
[2025-07-27 11:06:21.269 PM] info: 	incoming-request
[2025-07-27 11:08:46.251 PM] info: 	incoming-request
[2025-07-27 11:10:46.020 PM] info: 	incoming-request
[2025-07-27 11:15:57.469 PM] info: 	incoming-request
[2025-07-27 11:16:27.244 PM] info: 	incoming-request
[2025-07-27 11:17:09.231 PM] error: 	unauthorized access, only for admin
[2025-07-27 11:17:09.233 PM] info: 	incoming-request
[2025-07-27 11:20:21.615 PM] info: 	incoming-request
[2025-07-27 11:21:32.644 PM] info: 	incoming-request
[2025-07-27 11:21:53.826 PM] info: 	incoming-request
[2025-07-27 11:22:31.420 PM] error: 	Expected double-quoted property name in JSON at position 155 (line 8 column 1)
[2025-07-27 11:22:41.035 PM] info: 	incoming-request
[2025-07-27 11:23:26.664 PM] error: 	Unauthenticated
[2025-07-27 11:23:26.665 PM] info: 	incoming-request
[2025-07-27 11:23:46.570 PM] info: 	incoming-request
[2025-07-27 11:25:41.788 PM] error: 	unauthorized access, only for Lecturer and Admin
[2025-07-27 11:25:41.790 PM] info: 	incoming-request
[2025-07-27 11:31:47.647 PM] info: 	incoming-request
[2025-07-27 11:34:21.830 PM] info: 	incoming-request
[2025-07-27 11:35:13.651 PM] info: 	incoming-request
[2025-07-27 11:35:48.997 PM] info: 	incoming-request
[2025-07-27 11:36:46.755 PM] error: 	unauthorized access, only for admin
[2025-07-27 11:36:46.757 PM] info: 	incoming-request
[2025-07-27 11:39:38.249 PM] info: 	incoming-request
